2026-08-29T10:41:22Z iteration 1 starting (headless)
2026-08-29T11:39:08Z iteration 1 exited rc=0 after 3466s (transcript 0 -> 635655)
2026-08-29T11:39:18Z iteration 2 starting (headless)
2026-08-29T12:01:19Z iteration 2 exited rc=0 after 1321s (transcript 635655 -> 725382)
2026-08-29T12:01:29Z iteration 3 starting (headless)
2026-08-29T12:42:17Z iteration 3 exited rc=0 after 2448s (transcript 725382 -> 790819)
2026-08-29T12:42:27Z iteration 4 starting (headless)
2026-08-29T21:50:35Z iteration 4 exited rc=0 after 32888s (transcript 790819 -> 1073293)
2026-08-29T21:50:45Z iteration 5 starting (headless)
2026-08-29T22:34:18Z iteration 5 exited rc=143 after 2613s (transcript 1073293 -> 1245354)
2026-08-29T22:34:18Z iteration 5 FAILED rc=143 (hard failure 1/5). first 500 bytes of output:
Execution error
2026-08-29T22:34:48Z stop file present, loop ending
2026-08-29T22:34:48Z headless session loop for rep02 finished after 5 iteration(s)
2026-08-30T02:43:05Z iteration 1 starting (headless)
2026-08-30T02:57:48Z iteration 1 exited rc=0 after 883s (transcript 0 -> 602091)
2026-08-30T02:57:58Z iteration 2 starting (headless)
2026-08-30T02:59:06Z iteration 2 exited rc=0 after 68s (transcript 602091 -> 647069)
2026-08-30T02:59:16Z iteration 3 starting (headless)
2026-08-30T03:04:16Z iteration 3 exited rc=0 after 300s (transcript 647069 -> 763885)
2026-08-30T03:04:26Z iteration 4 starting (headless)
2026-08-30T03:07:13Z iteration 4 exited rc=0 after 167s (transcript 763885 -> 865564)
2026-08-30T03:07:23Z iteration 5 starting (headless)
2026-08-30T03:21:15Z iteration 5 exited rc=0 after 832s (transcript 865564 -> 996815)
2026-08-30T03:21:25Z iteration 6 starting (headless)
2026-08-30T03:25:12Z iteration 6 exited rc=0 after 227s (transcript 996815 -> 1142644)
2026-08-30T03:25:22Z iteration 7 starting (headless)
2026-08-30T03:27:28Z iteration 7 exited rc=0 after 126s (transcript 1142644 -> 1214134)
2026-08-30T03:27:38Z iteration 8 starting (headless)
2026-08-30T03:30:46Z iteration 8 exited rc=0 after 188s (transcript 1214134 -> 1270827)
2026-08-30T03:30:56Z iteration 9 starting (headless)
2026-08-30T03:33:57Z iteration 9 exited rc=0 after 181s (transcript 1270827 -> 1388604)
2026-08-30T03:34:07Z iteration 10 starting (headless)
2026-08-30T03:35:31Z iteration 10 exited rc=0 after 84s (transcript 1388604 -> 1442301)
2026-08-30T03:35:41Z iteration 11 starting (headless)
2026-08-30T03:55:21Z iteration 11 exited rc=0 after 1180s (transcript 1442301 -> 1685244)
2026-08-30T03:55:31Z iteration 12 starting (headless)
2026-08-30T03:57:32Z iteration 12 exited rc=0 after 121s (transcript 1685244 -> 1728970)
2026-08-30T03:57:42Z iteration 13 starting (headless)
2026-08-30T03:59:59Z iteration 13 exited rc=0 after 137s (transcript 1728970 -> 1799736)
2026-08-30T04:00:09Z iteration 14 starting (headless)
2026-08-30T04:04:58Z iteration 14 exited rc=0 after 289s (transcript 1799736 -> 1893067)
2026-08-30T04:05:08Z iteration 15 starting (headless)
2026-08-30T04:09:58Z iteration 15 exited rc=0 after 290s (transcript 1893067 -> 1958706)
2026-08-30T04:10:08Z iteration 16 starting (headless)
2026-08-30T04:11:52Z iteration 16 exited rc=0 after 104s (transcript 1958706 -> 2018294)
2026-08-30T04:12:02Z iteration 17 starting (headless)
2026-08-30T04:22:16Z iteration 17 exited rc=0 after 614s (transcript 2018294 -> 2094171)
2026-08-30T04:22:26Z iteration 18 starting (headless)
2026-08-30T04:29:15Z iteration 18 exited rc=0 after 409s (transcript 2094171 -> 2264822)
2026-08-30T04:29:25Z iteration 19 starting (headless)
2026-08-30T04:31:45Z iteration 19 exited rc=0 after 140s (transcript 2264822 -> 2376237)
2026-08-30T04:31:55Z iteration 20 starting (headless)
2026-08-30T04:35:04Z iteration 20 exited rc=0 after 189s (transcript 2376237 -> 2470237)
2026-08-30T04:35:14Z iteration 21 starting (headless)
2026-08-30T04:36:45Z iteration 21 exited rc=0 after 91s (transcript 2470237 -> 2521731)
2026-08-30T04:36:55Z iteration 22 starting (headless)
2026-08-30T04:38:03Z iteration 22 exited rc=0 after 67s (transcript 2521731 -> 2558385)
2026-08-30T04:38:13Z iteration 23 starting (headless)
2026-08-30T04:40:56Z iteration 23 exited rc=0 after 163s (transcript 2558385 -> 2642602)
2026-08-30T04:41:06Z iteration 24 starting (headless)
2026-08-30T04:43:00Z iteration 24 exited rc=0 after 114s (transcript 2642602 -> 2707954)
2026-08-30T04:43:10Z iteration 25 starting (headless)
2026-08-30T04:45:36Z iteration 25 exited rc=0 after 146s (transcript 2707954 -> 2780727)
2026-08-30T04:45:46Z iteration 26 starting (headless)
2026-08-30T04:47:47Z iteration 26 exited rc=0 after 121s (transcript 2780727 -> 2846659)
2026-08-30T04:47:57Z iteration 27 starting (headless)
2026-08-30T04:50:42Z iteration 27 exited rc=0 after 165s (transcript 2846659 -> 2936096)
2026-08-30T04:50:52Z iteration 28 starting (headless)
2026-08-30T04:55:57Z iteration 28 exited rc=0 after 305s (transcript 2936096 -> 3012232)
2026-08-30T04:56:07Z iteration 29 starting (headless)
2026-08-30T04:58:19Z iteration 29 exited rc=0 after 132s (transcript 3012232 -> 3081599)
2026-08-30T04:58:29Z iteration 30 starting (headless)
2026-08-30T04:59:42Z iteration 30 exited rc=0 after 73s (transcript 3081599 -> 3125061)
2026-08-30T04:59:52Z iteration 31 starting (headless)
2026-08-30T05:01:22Z iteration 31 exited rc=0 after 90s (transcript 3125061 -> 3177533)
2026-08-30T05:01:32Z iteration 32 starting (headless)
2026-08-30T05:02:43Z iteration 32 exited rc=0 after 71s (transcript 3177533 -> 3212680)
2026-08-30T05:02:53Z iteration 33 starting (headless)
2026-08-30T05:03:35Z iteration 33 exited rc=0 after 42s (transcript 3212680 -> 3239131)
2026-08-30T05:03:45Z iteration 34 starting (headless)
2026-08-30T05:04:14Z iteration 34 exited rc=0 after 29s (transcript 3239131 -> 3255642)
2026-08-30T05:04:24Z iteration 35 starting (headless)
2026-08-30T05:04:48Z iteration 35 exited rc=0 after 24s (transcript 3255642 -> 3271022)
2026-08-30T05:04:58Z iteration 36 starting (headless)
2026-08-30T05:05:18Z iteration 36 exited rc=0 after 20s (transcript 3271022 -> 3285481)
2026-08-30T05:05:28Z iteration 37 starting (headless)
2026-08-30T05:05:46Z iteration 37 exited rc=0 after 18s (transcript 3285481 -> 3299251)
2026-08-30T05:05:46Z 5 consecutive sub-minute turns, stopping to avoid a hot loop
2026-08-30T05:05:46Z headless session loop for rep02 finished after 37 iteration(s)
2026-08-30T06:01:35Z iteration 1 starting (headless)
2026-08-30T07:01:48Z iteration 1 starting (headless)
2026-08-30T08:01:41Z iteration 1 starting (headless)
2026-08-30T19:04:58Z iteration 1 starting (headless)
2026-08-30T19:25:06Z iteration 1 exited rc=0 after 1208s (transcript 3747173 -> 4360138)
2026-08-30T19:25:16Z iteration 2 starting (headless)
2026-08-30T19:28:24Z iteration 2 exited rc=0 after 188s (transcript 4360138 -> 4448200)
2026-08-30T19:28:34Z iteration 3 starting (headless)
