2026-08-29T10:40:57Z iteration 1 starting (headless)
2026-08-29T11:10:19Z iteration 1 exited rc=0 after 1762s (transcript 0 -> 604340)
2026-08-29T11:10:29Z iteration 2 starting (headless)
2026-08-29T11:11:45Z iteration 2 exited rc=0 after 76s (transcript 604340 -> 639563)
2026-08-29T11:11:55Z iteration 3 starting (headless)
2026-08-29T11:37:25Z iteration 3 exited rc=0 after 1530s (transcript 639563 -> 782190)
2026-08-29T11:37:35Z iteration 4 starting (headless)
2026-08-29T22:34:19Z iteration 4 exited rc=143 after 39404s (transcript 782190 -> 1183795)
2026-08-29T22:34:19Z iteration 4 FAILED rc=143 (hard failure 1/5). first 500 bytes of output:
Execution error
2026-08-29T22:34:49Z stop file present, loop ending
2026-08-29T22:34:49Z headless session loop for rep05 finished after 4 iteration(s)
2026-08-30T02:43:22Z iteration 1 starting (headless)
2026-08-30T02:59:41Z iteration 1 exited rc=0 after 979s (transcript 0 -> 625776)
2026-08-30T02:59:52Z iteration 2 starting (headless)
2026-08-30T03:02:54Z iteration 2 exited rc=0 after 182s (transcript 625776 -> 722128)
2026-08-30T03:03:04Z iteration 3 starting (headless)
2026-08-30T03:05:00Z iteration 3 exited rc=0 after 116s (transcript 722128 -> 783375)
2026-08-30T03:05:10Z iteration 4 starting (headless)
2026-08-30T03:11:36Z iteration 4 exited rc=0 after 386s (transcript 783375 -> 925865)
2026-08-30T03:11:46Z iteration 5 starting (headless)
2026-08-30T09:07:03Z iteration 5 exited rc=0 after 21317s (transcript 925865 -> 1502832)
2026-08-30T09:07:13Z iteration 6 starting (headless)
2026-08-30T18:22:49Z iteration 6 exited rc=0 after 33336s (transcript 1502832 -> 2017693)
2026-08-30T18:22:59Z iteration 7 starting (headless)
2026-08-31T03:16:54Z iteration 7 exited rc=0 after 32035s (transcript 2017693 -> 2468949)
2026-08-31T03:17:04Z iteration 8 starting (headless)
2026-08-31T10:24:31Z iteration 8 exited rc=0 after 25647s (transcript 2468949 -> 2913656)
2026-08-31T10:24:41Z iteration 9 starting (headless)
2026-08-31T18:23:38Z iteration 9 exited rc=0 after 28737s (transcript 2913656 -> 3229193)
2026-08-31T18:23:48Z iteration 10 starting (headless)
2026-08-31T23:38:56Z iteration 10 exited rc=0 after 18908s (transcript 3229193 -> 3408029)
2026-08-31T23:39:06Z iteration 11 starting (headless)
2026-08-31T23:47:21Z iteration 11 exited rc=0 after 495s (transcript 3408029 -> 3456090)
2026-08-31T23:47:31Z iteration 12 starting (headless)
2026-09-01T07:33:47Z iteration 12 exited rc=0 after 27976s (transcript 3456090 -> 3636211)
2026-09-01T07:33:57Z iteration 13 starting (headless)
2026-09-01T07:35:21Z iteration 13 exited rc=0 after 84s (transcript 3636211 -> 3683868)
2026-09-01T07:35:31Z iteration 14 starting (headless)
2026-09-01T07:36:58Z iteration 14 exited rc=0 after 87s (transcript 3683868 -> 3703518)
2026-09-01T07:37:08Z iteration 15 starting (headless)
2026-09-01T07:37:40Z iteration 15 exited rc=0 after 32s (transcript 3703518 -> 3717374)
2026-09-01T07:37:50Z iteration 16 starting (headless)
2026-09-01T07:38:05Z iteration 16 exited rc=0 after 15s (transcript 3717374 -> 3722227)
2026-09-01T07:38:15Z iteration 17 starting (headless)
2026-09-01T07:38:28Z iteration 17 exited rc=0 after 13s (transcript 3722227 -> 3726803)
2026-09-01T07:38:38Z iteration 18 starting (headless)
2026-09-01T07:38:46Z iteration 18 exited rc=0 after 8s (transcript 3726803 -> 3730771)
2026-09-01T07:38:56Z iteration 19 starting (headless)
2026-09-01T07:39:00Z iteration 19 exited rc=0 after 4s (transcript 3730771 -> 3733985)
2026-09-01T07:39:00Z 5 consecutive sub-minute turns, stopping to avoid a hot loop
2026-09-01T08:30:37Z iteration 1 starting (headless)
2026-09-01T08:31:41Z iteration 1 exited rc=0 after 64s (transcript 3733985 -> 3934543)
2026-09-01T08:31:51Z iteration 2 starting (headless)
2026-09-01T08:34:06Z iteration 2 exited rc=0 after 135s (transcript 3934543 -> 3996998)
2026-09-01T08:34:16Z iteration 3 starting (headless)
2026-09-01T08:34:53Z iteration 3 exited rc=0 after 37s (transcript 3996998 -> 4017722)
2026-09-01T08:35:03Z iteration 4 starting (headless)
2026-09-01T08:35:21Z iteration 4 exited rc=0 after 18s (transcript 4017722 -> 4025452)
2026-09-01T08:35:31Z iteration 5 starting (headless)
2026-09-01T08:35:50Z iteration 5 exited rc=0 after 19s (transcript 4025452 -> 4037888)
2026-09-01T08:36:00Z iteration 6 starting (headless)
2026-09-01T08:36:04Z iteration 6 exited rc=0 after 4s (transcript 4037888 -> 4041124)
2026-09-01T08:36:14Z iteration 7 starting (headless)
2026-09-01T08:36:17Z iteration 7 exited rc=0 after 3s (transcript 4041124 -> 4044332)
2026-09-01T08:36:17Z 5 consecutive sub-minute turns WITH transcript growth -- the agent is working and waiting, not spinning; inter-turn sleep 10s -> 2700s
2026-09-01T09:21:17Z iteration 8 starting (headless)
2026-09-01T09:21:21Z iteration 8 exited rc=0 after 4s (transcript 4044332 -> 4047435)
2026-09-01T10:06:21Z iteration 9 starting (headless)
2026-09-01T10:06:24Z iteration 9 exited rc=0 after 3s (transcript 4047435 -> 4051401)
2026-09-01T10:51:24Z iteration 10 starting (headless)
2026-09-01T10:51:28Z iteration 10 exited rc=0 after 4s (transcript 4051401 -> 4055125)
2026-09-01T11:36:28Z iteration 11 starting (headless)
2026-09-01T11:36:31Z iteration 11 exited rc=0 after 3s (transcript 4055125 -> 4058224)
2026-09-01T12:21:31Z iteration 12 starting (headless)
2026-09-01T12:21:35Z iteration 12 exited rc=0 after 4s (transcript 4058224 -> 4061323)
2026-09-01T13:06:35Z iteration 13 starting (headless)
2026-09-01T13:06:39Z iteration 13 exited rc=0 after 4s (transcript 4061323 -> 4064422)
2026-09-01T13:51:39Z iteration 14 starting (headless)
2026-09-01T13:52:05Z iteration 14 exited rc=0 after 26s (transcript 4064422 -> 4093928)
2026-09-01T14:37:05Z iteration 15 starting (headless)
2026-09-01T14:37:09Z iteration 15 exited rc=0 after 4s (transcript 4093928 -> 4097118)
2026-09-01T15:22:09Z iteration 16 starting (headless)
2026-09-01T15:22:11Z iteration 16 exited rc=1 after 2s (transcript 4097118 -> 4100915)
2026-09-01T15:22:11Z iteration 16 FAILED rc=1 (hard failure 1/5). first 500 bytes of output:
You've hit your weekly limit · resets Sep 5, 4am (Asia/Seoul)
2026-09-01T15:22:41Z iteration 17 starting (headless)
2026-09-01T15:22:43Z iteration 17 exited rc=1 after 2s (transcript 4100915 -> 4106337)
2026-09-01T15:22:43Z iteration 17 FAILED rc=1 (hard failure 2/5). first 500 bytes of output:
You've hit your weekly limit · resets Sep 5, 4am (Asia/Seoul)
2026-09-01T15:23:43Z iteration 18 starting (headless)
2026-09-01T15:23:45Z iteration 18 exited rc=1 after 2s (transcript 4106337 -> 4111138)
2026-09-01T15:23:45Z iteration 18 FAILED rc=1 (hard failure 3/5). first 500 bytes of output:
You've hit your weekly limit · resets Sep 5, 4am (Asia/Seoul)
2026-09-01T15:25:15Z iteration 19 starting (headless)
2026-09-01T15:25:17Z iteration 19 exited rc=1 after 2s (transcript 4111138 -> 4115939)
2026-09-01T15:25:17Z iteration 19 FAILED rc=1 (hard failure 4/5). first 500 bytes of output:
You've hit your weekly limit · resets Sep 5, 4am (Asia/Seoul)
2026-09-01T15:27:17Z iteration 20 starting (headless)
2026-09-01T15:27:19Z iteration 20 exited rc=1 after 2s (transcript 4115939 -> 4121315)
2026-09-01T15:27:19Z iteration 20 FAILED rc=1 (hard failure 5/5). first 500 bytes of output:
You've hit your weekly limit · resets Sep 5, 4am (Asia/Seoul)
2026-09-01T15:27:19Z 5 consecutive hard failures, stopping -- this is a fact about the run, not a thing to hide
2026-09-01T15:27:19Z headless session loop for rep05 finished after 20 iteration(s)
2026-09-01T16:00:44Z iteration 1 starting (headless)
2026-09-01T16:02:32Z iteration 1 exited rc=0 after 108s (transcript 4121315 -> 4251603)
2026-09-01T16:02:42Z iteration 2 starting (headless)
2026-09-01T16:03:13Z iteration 2 exited rc=0 after 31s (transcript 4251603 -> 4270145)
2026-09-01T16:03:23Z iteration 3 starting (headless)
2026-09-01T16:03:45Z iteration 3 exited rc=0 after 22s (transcript 4270145 -> 4281133)
2026-09-01T16:03:55Z iteration 4 starting (headless)
2026-09-01T16:04:14Z iteration 4 exited rc=0 after 19s (transcript 4281133 -> 4289309)
2026-09-01T16:04:24Z iteration 5 starting (headless)
2026-09-01T16:04:47Z iteration 5 exited rc=0 after 23s (transcript 4289309 -> 4302872)
2026-09-01T16:04:57Z iteration 6 starting (headless)
2026-09-01T16:05:06Z iteration 6 exited rc=0 after 9s (transcript 4302872 -> 4308223)
2026-09-01T16:05:06Z 5 consecutive sub-minute turns WITH transcript growth -- the agent is working and waiting, not spinning; inter-turn sleep 10s -> 2700s
