2026-08-29T10:41:28Z iteration 1 starting (headless)
2026-08-29T22:34:18Z iteration 1 exited rc=143 after 42770s (transcript 0 -> 960196)
2026-08-29T22:34:18Z iteration 1 FAILED rc=143 (hard failure 1/5). first 500 bytes of output:
Execution error
2026-08-29T22:34:48Z stop file present, loop ending
2026-08-29T22:34:48Z headless session loop for rep03 finished after 1 iteration(s)
2026-08-30T02:43:11Z iteration 1 starting (headless)
2026-08-30T03:05:37Z iteration 1 exited rc=0 after 1346s (transcript 0 -> 698973)
2026-08-30T03:05:47Z iteration 2 starting (headless)
2026-08-30T03:06:51Z iteration 2 exited rc=0 after 64s (transcript 698973 -> 734308)
2026-08-30T03:07:01Z iteration 3 starting (headless)
2026-08-30T03:13:43Z iteration 3 exited rc=0 after 402s (transcript 734308 -> 986516)
2026-08-30T03:13:53Z iteration 4 starting (headless)
2026-08-30T03:17:25Z iteration 4 exited rc=0 after 212s (transcript 986516 -> 1104615)
2026-08-30T03:17:35Z iteration 5 starting (headless)
2026-08-30T03:21:21Z iteration 5 exited rc=0 after 226s (transcript 1104615 -> 1215723)
2026-08-30T03:21:31Z iteration 6 starting (headless)
2026-08-30T03:25:31Z iteration 6 exited rc=0 after 240s (transcript 1215723 -> 1347318)
2026-08-30T03:25:41Z iteration 7 starting (headless)
2026-08-30T03:27:40Z iteration 7 exited rc=0 after 119s (transcript 1347318 -> 1411967)
2026-08-30T03:27:50Z iteration 8 starting (headless)
2026-08-30T03:29:55Z iteration 8 exited rc=0 after 125s (transcript 1411967 -> 1473837)
2026-08-30T03:30:05Z iteration 9 starting (headless)
2026-08-30T03:32:04Z iteration 9 exited rc=0 after 119s (transcript 1473837 -> 1539821)
2026-08-30T03:32:14Z iteration 10 starting (headless)
2026-08-30T03:33:49Z iteration 10 exited rc=0 after 95s (transcript 1539821 -> 1597575)
2026-08-30T03:33:59Z iteration 11 starting (headless)
2026-08-30T03:35:00Z iteration 11 exited rc=0 after 61s (transcript 1597575 -> 1635819)
2026-08-30T03:35:10Z iteration 12 starting (headless)
2026-08-30T03:36:53Z iteration 12 exited rc=0 after 103s (transcript 1635819 -> 1677013)
2026-08-30T03:37:03Z iteration 13 starting (headless)
2026-08-30T03:38:38Z iteration 13 exited rc=0 after 95s (transcript 1677013 -> 1734121)
2026-08-30T03:38:48Z iteration 14 starting (headless)
2026-08-30T03:39:11Z iteration 14 exited rc=0 after 23s (transcript 1734121 -> 1746802)
2026-08-30T03:39:21Z iteration 15 starting (headless)
2026-08-30T03:41:08Z iteration 15 exited rc=0 after 107s (transcript 1746802 -> 1806119)
2026-08-30T03:41:18Z iteration 16 starting (headless)
2026-08-30T03:42:25Z iteration 16 exited rc=0 after 67s (transcript 1806119 -> 1842351)
2026-08-30T03:42:35Z iteration 17 starting (headless)
2026-08-30T03:43:03Z iteration 17 exited rc=0 after 28s (transcript 1842351 -> 1857774)
2026-08-30T03:43:13Z iteration 18 starting (headless)
2026-08-30T03:43:27Z iteration 18 exited rc=0 after 14s (transcript 1857774 -> 1868769)
2026-08-30T03:43:37Z iteration 19 starting (headless)
2026-08-30T03:44:34Z iteration 19 exited rc=0 after 57s (transcript 1868769 -> 1897661)
2026-08-30T03:44:44Z iteration 20 starting (headless)
2026-08-30T03:44:57Z iteration 20 exited rc=0 after 13s (transcript 1897661 -> 1907651)
2026-08-30T03:45:07Z iteration 21 starting (headless)
2026-08-30T03:45:55Z iteration 21 exited rc=0 after 48s (transcript 1907651 -> 1938239)
2026-08-30T03:45:55Z 5 consecutive sub-minute turns, stopping to avoid a hot loop
2026-08-30T03:45:55Z headless session loop for rep03 finished after 21 iteration(s)
2026-08-30T05:01:43Z iteration 1 starting (headless)
2026-08-30T06:01:42Z iteration 1 starting (headless)
2026-08-30T07:01:55Z iteration 1 starting (headless)
2026-08-30T19:05:04Z iteration 1 starting (headless)
2026-08-30T19:26:58Z iteration 1 exited rc=0 after 1314s (transcript 2484212 -> 3382047)
2026-08-30T19:27:08Z iteration 2 starting (headless)
2026-08-30T19:33:36Z iteration 2 exited rc=0 after 388s (transcript 3382047 -> 3621475)
2026-08-30T19:33:46Z iteration 3 starting (headless)
2026-08-30T19:37:56Z iteration 3 exited rc=0 after 250s (transcript 3621475 -> 3753222)
2026-08-30T19:38:06Z iteration 4 starting (headless)
2026-08-30T20:08:49Z iteration 4 exited rc=0 after 1843s (transcript 3753222 -> 4076316)
2026-08-30T20:08:59Z iteration 5 starting (headless)
2026-08-30T20:27:42Z iteration 5 exited rc=0 after 1123s (transcript 4076316 -> 4197687)
2026-08-30T20:27:52Z iteration 6 starting (headless)
2026-08-31T00:40:52Z iteration 6 exited rc=0 after 15180s (transcript 4197687 -> 4899313)
2026-08-31T00:41:02Z iteration 7 starting (headless)
2026-08-31T03:43:52Z iteration 7 exited rc=0 after 10970s (transcript 4899313 -> 5086459)
2026-08-31T03:44:03Z iteration 8 starting (headless)
2026-08-31T08:45:21Z iteration 8 exited rc=0 after 18079s (transcript 5086459 -> 5368804)
2026-08-31T08:45:31Z iteration 9 starting (headless)
2026-08-31T13:18:11Z iteration 9 exited rc=0 after 16360s (transcript 5368804 -> 5680696)
2026-08-31T13:18:21Z iteration 10 starting (headless)
2026-08-31T14:00:39Z iteration 10 exited rc=0 after 2538s (transcript 5680696 -> 5814377)
2026-08-31T14:00:49Z iteration 11 starting (headless)
2026-08-31T14:03:01Z iteration 11 exited rc=0 after 132s (transcript 5814377 -> 5900411)
2026-08-31T14:03:11Z iteration 12 starting (headless)
2026-08-31T14:14:35Z iteration 12 exited rc=0 after 684s (transcript 5900411 -> 5980431)
2026-08-31T14:14:45Z iteration 13 starting (headless)
2026-08-31T14:25:19Z iteration 13 exited rc=0 after 634s (transcript 5980431 -> 6018187)
2026-08-31T14:25:29Z iteration 14 starting (headless)
2026-08-31T14:25:52Z iteration 14 exited rc=0 after 23s (transcript 6018187 -> 6037532)
2026-08-31T14:26:02Z iteration 15 starting (headless)
2026-08-31T14:26:33Z iteration 15 exited rc=0 after 31s (transcript 6037532 -> 6060827)
2026-08-31T14:26:43Z iteration 16 starting (headless)
2026-08-31T14:27:01Z iteration 16 exited rc=0 after 18s (transcript 6060827 -> 6078779)
2026-08-31T14:27:11Z iteration 17 starting (headless)
2026-08-31T14:27:26Z iteration 17 exited rc=0 after 15s (transcript 6078779 -> 6094869)
2026-08-31T14:27:36Z iteration 18 starting (headless)
2026-08-31T14:27:50Z iteration 18 exited rc=0 after 14s (transcript 6094869 -> 6110497)
2026-08-31T14:27:50Z 5 consecutive sub-minute turns WITH transcript growth -- the agent is working and waiting, not spinning; inter-turn sleep 10s -> 600s
2026-08-31T14:37:50Z iteration 19 starting (headless)
2026-08-31T14:38:16Z iteration 19 exited rc=0 after 26s (transcript 6110497 -> 6132825)
2026-08-31T14:48:16Z iteration 20 starting (headless)
2026-08-31T14:48:31Z iteration 20 exited rc=0 after 15s (transcript 6132825 -> 6148392)
2026-08-31T14:58:31Z iteration 21 starting (headless)
2026-08-31T14:58:46Z iteration 21 exited rc=0 after 15s (transcript 6148392 -> 6163892)
2026-08-31T15:08:46Z iteration 22 starting (headless)
2026-08-31T15:09:15Z iteration 22 exited rc=0 after 29s (transcript 6163892 -> 6187520)
2026-08-31T15:19:15Z iteration 23 starting (headless)
2026-08-31T15:19:34Z iteration 23 exited rc=0 after 19s (transcript 6187520 -> 6204086)
2026-08-31T15:29:34Z iteration 24 starting (headless)
2026-08-31T15:29:50Z iteration 24 exited rc=0 after 16s (transcript 6204086 -> 6220437)
2026-08-31T15:39:50Z iteration 25 starting (headless)
2026-08-31T15:40:04Z iteration 25 exited rc=0 after 14s (transcript 6220437 -> 6234578)
2026-08-31T15:50:04Z iteration 26 starting (headless)
2026-08-31T15:50:17Z iteration 26 exited rc=0 after 13s (transcript 6234578 -> 6247912)
2026-08-31T16:00:17Z iteration 27 starting (headless)
2026-08-31T16:00:31Z iteration 27 exited rc=0 after 14s (transcript 6247912 -> 6261769)
2026-08-31T16:10:31Z iteration 28 starting (headless)
2026-08-31T16:10:43Z iteration 28 exited rc=0 after 12s (transcript 6261769 -> 6275041)
2026-08-31T16:20:43Z iteration 29 starting (headless)
2026-08-31T16:20:54Z iteration 29 exited rc=0 after 11s (transcript 6275041 -> 6288197)
2026-08-31T16:30:54Z iteration 30 starting (headless)
2026-08-31T16:31:01Z iteration 30 exited rc=0 after 7s (transcript 6288197 -> 6300825)
2026-08-31T16:41:01Z iteration 31 starting (headless)
2026-08-31T16:41:07Z iteration 31 exited rc=0 after 6s (transcript 6300825 -> 6313079)
2026-08-31T16:51:07Z iteration 32 starting (headless)
2026-08-31T16:51:13Z iteration 32 exited rc=0 after 6s (transcript 6313079 -> 6325240)
2026-08-31T17:01:13Z iteration 33 starting (headless)
2026-08-31T17:01:19Z iteration 33 exited rc=0 after 6s (transcript 6325240 -> 6337700)
2026-08-31T17:11:19Z iteration 34 starting (headless)
2026-08-31T17:11:24Z iteration 34 exited rc=0 after 5s (transcript 6337700 -> 6349869)
2026-08-31T17:21:24Z iteration 35 starting (headless)
2026-08-31T17:21:29Z iteration 35 exited rc=0 after 5s (transcript 6349869 -> 6362037)
2026-08-31T17:31:29Z iteration 36 starting (headless)
2026-08-31T17:31:34Z iteration 36 exited rc=0 after 5s (transcript 6362037 -> 6374489)
2026-08-31T17:41:34Z iteration 37 starting (headless)
2026-08-31T17:41:40Z iteration 37 exited rc=0 after 6s (transcript 6374489 -> 6386659)
2026-08-31T17:51:40Z iteration 38 starting (headless)
2026-08-31T17:51:45Z iteration 38 exited rc=0 after 5s (transcript 6386659 -> 6398828)
2026-08-31T18:01:45Z iteration 39 starting (headless)
2026-08-31T18:01:56Z iteration 39 exited rc=0 after 11s (transcript 6398828 -> 6411281)
2026-08-31T18:11:56Z iteration 40 starting (headless)
2026-08-31T18:12:02Z iteration 40 exited rc=0 after 6s (transcript 6411281 -> 6423449)
2026-08-31T18:22:02Z iteration 41 starting (headless)
2026-08-31T18:22:13Z iteration 41 exited rc=0 after 11s (transcript 6423449 -> 6435620)
2026-08-31T18:32:13Z iteration 42 starting (headless)
2026-08-31T18:32:18Z iteration 42 exited rc=0 after 5s (transcript 6435620 -> 6448076)
2026-08-31T18:42:18Z iteration 43 starting (headless)
2026-08-31T18:42:23Z iteration 43 exited rc=0 after 5s (transcript 6448076 -> 6460247)
2026-08-31T18:52:23Z iteration 44 starting (headless)
2026-08-31T18:52:30Z iteration 44 exited rc=0 after 7s (transcript 6460247 -> 6472419)
2026-08-31T19:02:30Z iteration 45 starting (headless)
2026-08-31T19:02:36Z iteration 45 exited rc=0 after 6s (transcript 6472419 -> 6484874)
2026-08-31T19:12:36Z iteration 46 starting (headless)
2026-08-31T19:12:42Z iteration 46 exited rc=0 after 6s (transcript 6484874 -> 6497045)
2026-08-31T19:22:42Z iteration 47 starting (headless)
2026-08-31T19:22:48Z iteration 47 exited rc=0 after 6s (transcript 6497045 -> 6509218)
2026-08-31T19:32:48Z iteration 48 starting (headless)
2026-08-31T19:32:54Z iteration 48 exited rc=0 after 6s (transcript 6509218 -> 6521674)
2026-08-31T19:42:54Z iteration 49 starting (headless)
2026-08-31T19:43:01Z iteration 49 exited rc=0 after 7s (transcript 6521674 -> 6533845)
2026-08-31T19:53:01Z iteration 50 starting (headless)
2026-08-31T19:53:07Z iteration 50 exited rc=0 after 6s (transcript 6533845 -> 6546013)
2026-08-31T20:03:07Z iteration 51 starting (headless)
2026-08-31T20:03:12Z iteration 51 exited rc=0 after 5s (transcript 6546013 -> 6558468)
2026-08-31T20:13:12Z iteration 52 starting (headless)
2026-08-31T20:13:26Z iteration 52 exited rc=0 after 14s (transcript 6558468 -> 6570640)
2026-08-31T20:23:26Z iteration 53 starting (headless)
2026-08-31T20:23:32Z iteration 53 exited rc=0 after 6s (transcript 6570640 -> 6582811)
2026-08-31T20:33:32Z iteration 54 starting (headless)
2026-08-31T20:33:38Z iteration 54 exited rc=0 after 6s (transcript 6582811 -> 6595267)
2026-08-31T20:43:38Z iteration 55 starting (headless)
2026-08-31T20:43:45Z iteration 55 exited rc=0 after 7s (transcript 6595267 -> 6607438)
2026-08-31T20:53:45Z iteration 56 starting (headless)
2026-08-31T20:53:51Z iteration 56 exited rc=0 after 6s (transcript 6607438 -> 6619609)
2026-08-31T21:03:51Z iteration 57 starting (headless)
2026-08-31T21:03:57Z iteration 57 exited rc=0 after 6s (transcript 6619609 -> 6632066)
2026-08-31T21:13:57Z iteration 58 starting (headless)
2026-08-31T21:14:03Z iteration 58 exited rc=0 after 6s (transcript 6632066 -> 6644813)
2026-08-31T21:24:03Z iteration 59 starting (headless)
2026-08-31T21:24:12Z iteration 59 exited rc=0 after 9s (transcript 6644813 -> 6657921)
2026-08-31T21:34:12Z iteration 60 starting (headless)
2026-08-31T21:34:18Z iteration 60 exited rc=0 after 6s (transcript 6657921 -> 6670372)
2026-08-31T21:44:18Z iteration 61 starting (headless)
2026-08-31T21:44:23Z iteration 61 exited rc=0 after 5s (transcript 6670372 -> 6682542)
2026-08-31T21:54:23Z iteration 62 starting (headless)
2026-08-31T21:54:29Z iteration 62 exited rc=0 after 6s (transcript 6682542 -> 6694713)
2026-08-31T22:04:29Z iteration 63 starting (headless)
2026-08-31T22:04:35Z iteration 63 exited rc=0 after 6s (transcript 6694713 -> 6707167)
2026-08-31T22:14:35Z iteration 64 starting (headless)
2026-08-31T22:14:41Z iteration 64 exited rc=0 after 6s (transcript 6707167 -> 6719338)
2026-08-31T22:24:41Z iteration 65 starting (headless)
2026-08-31T22:24:47Z iteration 65 exited rc=0 after 6s (transcript 6719338 -> 6731508)
2026-08-31T22:34:47Z iteration 66 starting (headless)
2026-08-31T22:34:53Z iteration 66 exited rc=0 after 6s (transcript 6731508 -> 6743962)
2026-08-31T22:44:53Z iteration 67 starting (headless)
2026-08-31T22:44:59Z iteration 67 exited rc=0 after 6s (transcript 6743962 -> 6756134)
2026-08-31T22:54:59Z iteration 68 starting (headless)
2026-08-31T22:55:04Z iteration 68 exited rc=0 after 5s (transcript 6756134 -> 6768305)
2026-08-31T23:05:04Z iteration 69 starting (headless)
2026-08-31T23:05:11Z iteration 69 exited rc=0 after 7s (transcript 6768305 -> 6780759)
2026-08-31T23:15:11Z iteration 70 starting (headless)
2026-08-31T23:15:17Z iteration 70 exited rc=0 after 6s (transcript 6780759 -> 6792926)
2026-08-31T23:25:17Z iteration 71 starting (headless)
2026-08-31T23:25:24Z iteration 71 exited rc=0 after 7s (transcript 6792926 -> 6805096)
2026-08-31T23:35:24Z iteration 72 starting (headless)
2026-08-31T23:35:30Z iteration 72 exited rc=0 after 6s (transcript 6805096 -> 6817551)
2026-08-31T23:45:30Z iteration 73 starting (headless)
2026-08-31T23:45:36Z iteration 73 exited rc=0 after 6s (transcript 6817551 -> 6829721)
2026-08-31T23:55:36Z iteration 74 starting (headless)
2026-08-31T23:55:42Z iteration 74 exited rc=0 after 6s (transcript 6829721 -> 6841892)
2026-09-01T00:05:42Z iteration 75 starting (headless)
2026-09-01T00:06:02Z iteration 75 exited rc=0 after 20s (transcript 6841892 -> 6854430)
2026-09-01T00:16:02Z iteration 76 starting (headless)
2026-09-01T00:16:08Z iteration 76 exited rc=0 after 6s (transcript 6854430 -> 6866600)
2026-09-01T00:26:08Z iteration 77 starting (headless)
2026-09-01T00:26:14Z iteration 77 exited rc=0 after 6s (transcript 6866600 -> 6878772)
2026-09-01T00:36:14Z iteration 78 starting (headless)
2026-09-01T00:36:20Z iteration 78 exited rc=0 after 6s (transcript 6878772 -> 6891227)
2026-09-01T00:46:20Z iteration 79 starting (headless)
2026-09-01T00:46:26Z iteration 79 exited rc=0 after 6s (transcript 6891227 -> 6903397)
2026-09-01T00:56:26Z iteration 80 starting (headless)
2026-09-01T00:56:32Z iteration 80 exited rc=0 after 6s (transcript 6903397 -> 6915564)
2026-09-01T01:06:32Z iteration 81 starting (headless)
2026-09-01T01:06:37Z iteration 81 exited rc=0 after 5s (transcript 6915564 -> 6928018)
2026-09-01T01:16:37Z iteration 82 starting (headless)
2026-09-01T01:16:43Z iteration 82 exited rc=0 after 6s (transcript 6928018 -> 6940189)
2026-09-01T01:26:43Z iteration 83 starting (headless)
2026-09-01T01:26:50Z iteration 83 exited rc=0 after 7s (transcript 6940189 -> 6952934)
2026-09-01T01:36:50Z iteration 84 starting (headless)
2026-09-01T01:36:56Z iteration 84 exited rc=0 after 6s (transcript 6952934 -> 6966202)
2026-09-01T01:46:56Z iteration 85 starting (headless)
2026-09-01T01:47:10Z iteration 85 exited rc=0 after 14s (transcript 6966202 -> 6978372)
2026-09-01T01:57:10Z iteration 86 starting (headless)
2026-09-01T01:57:16Z iteration 86 exited rc=0 after 6s (transcript 6978372 -> 6990542)
2026-09-01T02:07:16Z iteration 87 starting (headless)
2026-09-01T02:07:22Z iteration 87 exited rc=0 after 6s (transcript 6990542 -> 7002998)
2026-09-01T02:17:22Z iteration 88 starting (headless)
2026-09-01T02:17:28Z iteration 88 exited rc=0 after 6s (transcript 7002998 -> 7015744)
2026-09-01T02:27:28Z iteration 89 starting (headless)
2026-09-01T02:27:34Z iteration 89 exited rc=0 after 6s (transcript 7015744 -> 7028535)
2026-09-01T02:37:34Z iteration 90 starting (headless)
2026-09-01T02:37:40Z iteration 90 exited rc=0 after 6s (transcript 7028535 -> 7040988)
2026-09-01T02:47:40Z iteration 91 starting (headless)
2026-09-01T02:47:54Z iteration 91 exited rc=0 after 14s (transcript 7040988 -> 7053160)
2026-09-01T02:57:54Z iteration 92 starting (headless)
2026-09-01T02:58:01Z iteration 92 exited rc=0 after 7s (transcript 7053160 -> 7065333)
2026-09-01T03:08:01Z iteration 93 starting (headless)
2026-09-01T03:08:07Z iteration 93 exited rc=0 after 6s (transcript 7065333 -> 7078364)
2026-09-01T03:18:07Z iteration 94 starting (headless)
2026-09-01T03:18:13Z iteration 94 exited rc=0 after 6s (transcript 7078364 -> 7091158)
2026-09-01T03:28:13Z iteration 95 starting (headless)
2026-09-01T03:28:19Z iteration 95 exited rc=0 after 6s (transcript 7091158 -> 7103330)
2026-09-01T03:38:19Z iteration 96 starting (headless)
2026-09-01T03:38:40Z iteration 96 exited rc=0 after 21s (transcript 7103330 -> 7115870)
2026-09-01T03:48:40Z iteration 97 starting (headless)
2026-09-01T03:48:46Z iteration 97 exited rc=0 after 6s (transcript 7115870 -> 7128044)
2026-09-01T03:58:46Z iteration 98 starting (headless)
2026-09-01T03:59:08Z iteration 98 exited rc=0 after 22s (transcript 7128044 -> 7140301)
2026-09-01T04:09:08Z iteration 99 starting (headless)
2026-09-01T04:09:30Z iteration 99 exited rc=0 after 22s (transcript 7140301 -> 7152841)
2026-09-01T04:19:30Z iteration 100 starting (headless)
2026-09-01T04:19:36Z iteration 100 exited rc=0 after 6s (transcript 7152841 -> 7165009)
2026-09-01T04:29:36Z iteration 101 starting (headless)
2026-09-01T04:29:42Z iteration 101 exited rc=0 after 6s (transcript 7165009 -> 7177180)
2026-09-01T04:39:42Z iteration 102 starting (headless)
2026-09-01T04:39:49Z iteration 102 exited rc=0 after 7s (transcript 7177180 -> 7189636)
2026-09-01T04:49:49Z iteration 103 starting (headless)
2026-09-01T04:49:55Z iteration 103 exited rc=0 after 6s (transcript 7189636 -> 7201807)
2026-09-01T04:59:55Z iteration 104 starting (headless)
2026-09-01T05:00:02Z iteration 104 exited rc=0 after 7s (transcript 7201807 -> 7213979)
2026-09-01T05:10:02Z iteration 105 starting (headless)
2026-09-01T05:10:08Z iteration 105 exited rc=0 after 6s (transcript 7213979 -> 7226434)
2026-09-01T05:20:08Z iteration 106 starting (headless)
2026-09-01T05:20:29Z iteration 106 exited rc=0 after 21s (transcript 7226434 -> 7238689)
2026-09-01T05:30:30Z iteration 107 starting (headless)
2026-09-01T05:30:38Z iteration 107 exited rc=0 after 8s (transcript 7238689 -> 7250862)
2026-09-01T05:40:38Z iteration 108 starting (headless)
2026-09-01T05:40:47Z iteration 108 exited rc=0 after 9s (transcript 7250862 -> 7263318)
2026-09-01T05:50:47Z iteration 109 starting (headless)
2026-09-01T05:50:54Z iteration 109 exited rc=0 after 6s (transcript 7263318 -> 7275489)
2026-09-01T06:00:54Z iteration 110 starting (headless)
2026-09-01T06:01:01Z iteration 110 exited rc=0 after 7s (transcript 7275489 -> 7287657)
2026-09-01T06:11:01Z iteration 111 starting (headless)
2026-09-01T06:11:11Z iteration 111 exited rc=0 after 10s (transcript 7287657 -> 7300112)
2026-09-01T06:21:11Z iteration 112 starting (headless)
2026-09-01T06:21:21Z iteration 112 exited rc=0 after 10s (transcript 7300112 -> 7312284)
2026-09-01T06:31:21Z iteration 113 starting (headless)
2026-09-01T06:31:30Z iteration 113 exited rc=0 after 9s (transcript 7312284 -> 7324455)
2026-09-01T06:41:30Z iteration 114 starting (headless)
2026-09-01T06:41:37Z iteration 114 exited rc=0 after 7s (transcript 7324455 -> 7336911)
2026-09-01T06:51:37Z iteration 115 starting (headless)
2026-09-01T06:51:43Z iteration 115 exited rc=0 after 6s (transcript 7336911 -> 7349657)
2026-09-01T07:01:43Z iteration 116 starting (headless)
2026-09-01T07:01:50Z iteration 116 exited rc=0 after 7s (transcript 7349657 -> 7362611)
2026-09-01T07:11:50Z iteration 117 starting (headless)
2026-09-01T07:11:57Z iteration 117 exited rc=0 after 7s (transcript 7362611 -> 7375068)
2026-09-01T07:21:57Z iteration 118 starting (headless)
2026-09-01T07:22:08Z iteration 118 exited rc=0 after 10s (transcript 7375068 -> 7387240)
2026-09-01T07:32:08Z iteration 119 starting (headless)
2026-09-01T07:32:14Z iteration 119 exited rc=0 after 6s (transcript 7387240 -> 7399411)
2026-09-01T07:42:14Z iteration 120 starting (headless)
2026-09-01T07:42:36Z iteration 120 exited rc=0 after 22s (transcript 7399411 -> 7411951)
2026-09-01T07:52:36Z iteration 121 starting (headless)
2026-09-01T07:52:44Z iteration 121 exited rc=0 after 8s (transcript 7411951 -> 7424131)
2026-09-01T08:02:44Z iteration 122 starting (headless)
2026-09-01T08:02:53Z iteration 122 exited rc=0 after 9s (transcript 7424131 -> 7436312)
2026-09-01T08:12:53Z iteration 123 starting (headless)
2026-09-01T08:12:59Z iteration 123 exited rc=0 after 6s (transcript 7436312 -> 7448776)
2026-09-01T08:22:59Z iteration 124 starting (headless)
2026-09-01T08:23:09Z iteration 124 exited rc=0 after 10s (transcript 7448776 -> 7460957)
2026-09-01T08:33:09Z iteration 125 starting (headless)
2026-09-01T08:33:16Z iteration 125 exited rc=0 after 7s (transcript 7460957 -> 7473137)
2026-09-01T08:43:16Z iteration 126 starting (headless)
2026-09-01T08:43:24Z iteration 126 exited rc=0 after 8s (transcript 7473137 -> 7485601)
2026-09-01T08:53:24Z iteration 127 starting (headless)
2026-09-01T08:53:30Z iteration 127 exited rc=0 after 6s (transcript 7485601 -> 7497783)
2026-09-01T09:03:30Z iteration 128 starting (headless)
2026-09-01T09:03:40Z iteration 128 exited rc=0 after 10s (transcript 7497783 -> 7509964)
2026-09-01T09:13:40Z iteration 129 starting (headless)
2026-09-01T09:13:48Z iteration 129 exited rc=0 after 8s (transcript 7509964 -> 7522428)
2026-09-01T09:23:48Z iteration 130 starting (headless)
2026-09-01T09:23:54Z iteration 130 exited rc=0 after 6s (transcript 7522428 -> 7534608)
2026-09-01T09:33:54Z iteration 131 starting (headless)
2026-09-01T09:34:01Z iteration 131 exited rc=0 after 7s (transcript 7534608 -> 7546791)
2026-09-01T09:44:01Z iteration 132 starting (headless)
2026-09-01T09:44:07Z iteration 132 exited rc=0 after 6s (transcript 7546791 -> 7559257)
2026-09-01T09:54:07Z iteration 133 starting (headless)
2026-09-01T09:54:14Z iteration 133 exited rc=0 after 7s (transcript 7559257 -> 7571442)
2026-09-01T10:04:14Z iteration 134 starting (headless)
2026-09-01T10:04:21Z iteration 134 exited rc=0 after 7s (transcript 7571442 -> 7583627)
2026-09-01T10:14:21Z iteration 135 starting (headless)
2026-09-01T10:14:28Z iteration 135 exited rc=0 after 7s (transcript 7583627 -> 7596095)
2026-09-01T10:24:28Z iteration 136 starting (headless)
2026-09-01T10:24:37Z iteration 136 exited rc=0 after 9s (transcript 7596095 -> 7608279)
2026-09-01T10:34:37Z iteration 137 starting (headless)
2026-09-01T10:34:44Z iteration 137 exited rc=0 after 7s (transcript 7608279 -> 7620465)
2026-09-01T10:44:44Z iteration 138 starting (headless)
2026-09-01T10:46:28Z iteration 138 exited rc=0 after 104s (transcript 7620465 -> 7669610)
2026-09-01T10:46:38Z iteration 139 starting (headless)
2026-09-01T10:46:43Z iteration 139 exited rc=0 after 5s (transcript 7669610 -> 7680760)
2026-09-01T10:46:53Z iteration 140 starting (headless)
2026-09-01T10:49:07Z iteration 140 exited rc=0 after 134s (transcript 7680760 -> 7787032)
2026-09-01T10:49:17Z iteration 141 starting (headless)
2026-09-01T10:49:28Z iteration 141 exited rc=0 after 11s (transcript 7787032 -> 7797448)
2026-09-01T10:49:38Z iteration 142 starting (headless)
2026-09-01T10:49:46Z iteration 142 exited rc=0 after 8s (transcript 7797448 -> 7804497)
2026-09-01T10:49:56Z iteration 143 starting (headless)
2026-09-01T10:50:02Z iteration 143 exited rc=0 after 6s (transcript 7804497 -> 7811066)
2026-09-01T10:50:12Z iteration 144 starting (headless)
2026-09-01T10:50:19Z iteration 144 exited rc=0 after 7s (transcript 7811066 -> 7817516)
2026-09-01T10:50:29Z iteration 145 starting (headless)
2026-09-01T10:50:35Z iteration 145 exited rc=0 after 6s (transcript 7817516 -> 7823987)
2026-09-01T10:50:35Z 5 consecutive sub-minute turns WITH transcript growth -- the agent is working and waiting, not spinning; inter-turn sleep 10s -> 600s
2026-09-01T11:00:35Z iteration 146 starting (headless)
2026-09-01T11:00:48Z iteration 146 exited rc=0 after 13s (transcript 7823987 -> 7836412)
2026-09-01T11:10:48Z iteration 147 starting (headless)
2026-09-01T11:10:55Z iteration 147 exited rc=0 after 7s (transcript 7836412 -> 7842877)
2026-09-01T11:20:55Z iteration 148 starting (headless)
2026-09-01T11:21:02Z iteration 148 exited rc=0 after 7s (transcript 7842877 -> 7849342)
2026-09-01T11:31:02Z iteration 149 starting (headless)
2026-09-01T11:31:12Z iteration 149 exited rc=0 after 10s (transcript 7849342 -> 7859148)
2026-09-01T11:41:12Z iteration 150 starting (headless)
2026-09-01T11:41:19Z iteration 150 exited rc=0 after 7s (transcript 7859148 -> 7865613)
2026-09-01T11:51:19Z iteration 151 starting (headless)
2026-09-01T11:51:31Z iteration 151 exited rc=0 after 12s (transcript 7865613 -> 7872362)
2026-09-01T12:01:31Z iteration 152 starting (headless)
2026-09-01T12:01:40Z iteration 152 exited rc=0 after 9s (transcript 7872362 -> 7882168)
2026-09-01T12:11:40Z iteration 153 starting (headless)
2026-09-01T12:11:47Z iteration 153 exited rc=0 after 7s (transcript 7882168 -> 7888633)
2026-09-01T12:21:47Z iteration 154 starting (headless)
2026-09-01T12:21:53Z iteration 154 exited rc=0 after 6s (transcript 7888633 -> 7895098)
2026-09-01T12:31:53Z iteration 155 starting (headless)
2026-09-01T12:32:04Z iteration 155 exited rc=0 after 11s (transcript 7895098 -> 7904904)
2026-09-01T12:42:04Z iteration 156 starting (headless)
2026-09-01T12:42:11Z iteration 156 exited rc=0 after 7s (transcript 7904904 -> 7911653)
2026-09-01T12:52:11Z iteration 157 starting (headless)
2026-09-01T12:52:17Z iteration 157 exited rc=0 after 6s (transcript 7911653 -> 7918118)
2026-09-01T13:02:17Z iteration 158 starting (headless)
2026-09-01T13:02:27Z iteration 158 exited rc=0 after 10s (transcript 7918118 -> 7927924)
2026-09-01T13:12:27Z iteration 159 starting (headless)
2026-09-01T13:12:36Z iteration 159 exited rc=0 after 9s (transcript 7927924 -> 7934389)
2026-09-01T13:22:36Z iteration 160 starting (headless)
2026-09-01T13:22:43Z iteration 160 exited rc=0 after 7s (transcript 7934389 -> 7940972)
2026-09-01T13:32:43Z iteration 161 starting (headless)
2026-09-01T13:32:57Z iteration 161 exited rc=0 after 14s (transcript 7940972 -> 7950944)
2026-09-01T13:42:57Z iteration 162 starting (headless)
2026-09-01T13:43:03Z iteration 162 exited rc=0 after 6s (transcript 7950944 -> 7957409)
2026-09-01T13:53:03Z iteration 163 starting (headless)
2026-09-01T13:53:11Z iteration 163 exited rc=0 after 8s (transcript 7957409 -> 7963874)
2026-09-01T14:03:11Z iteration 164 starting (headless)
2026-09-01T14:03:20Z iteration 164 exited rc=0 after 9s (transcript 7963874 -> 7973680)
2026-09-01T14:13:20Z iteration 165 starting (headless)
2026-09-01T14:13:28Z iteration 165 exited rc=0 after 8s (transcript 7973680 -> 7980263)
2026-09-01T14:23:28Z iteration 166 starting (headless)
2026-09-01T14:23:35Z iteration 166 exited rc=0 after 7s (transcript 7980263 -> 7986886)
2026-09-01T14:33:35Z iteration 167 starting (headless)
2026-09-01T14:33:45Z iteration 167 exited rc=0 after 10s (transcript 7986886 -> 7996692)
2026-09-01T14:43:45Z iteration 168 starting (headless)
2026-09-01T14:43:52Z iteration 168 exited rc=0 after 7s (transcript 7996692 -> 8003157)
2026-09-01T14:53:52Z iteration 169 starting (headless)
2026-09-01T14:53:58Z iteration 169 exited rc=0 after 6s (transcript 8003157 -> 8009740)
2026-09-01T15:03:58Z iteration 170 starting (headless)
2026-09-01T15:04:00Z iteration 170 exited rc=1 after 2s (transcript 8009740 -> 8013055)
2026-09-01T15:04:00Z iteration 170 FAILED rc=1 (hard failure 1/5). first 500 bytes of output:
You've hit your weekly limit · resets Sep 5, 4am (Asia/Seoul)
2026-09-01T15:04:30Z iteration 171 starting (headless)
2026-09-01T15:04:32Z iteration 171 exited rc=1 after 2s (transcript 8013055 -> 8018011)
2026-09-01T15:04:32Z iteration 171 FAILED rc=1 (hard failure 2/5). first 500 bytes of output:
You've hit your weekly limit · resets Sep 5, 4am (Asia/Seoul)
2026-09-01T15:05:32Z iteration 172 starting (headless)
2026-09-01T15:05:35Z iteration 172 exited rc=1 after 3s (transcript 8018011 -> 8023133)
2026-09-01T15:05:35Z iteration 172 FAILED rc=1 (hard failure 3/5). first 500 bytes of output:
You've hit your weekly limit · resets Sep 5, 4am (Asia/Seoul)
2026-09-01T15:07:05Z iteration 173 starting (headless)
2026-09-01T15:07:07Z iteration 173 exited rc=1 after 2s (transcript 8023133 -> 8028089)
2026-09-01T15:07:07Z iteration 173 FAILED rc=1 (hard failure 4/5). first 500 bytes of output:
You've hit your weekly limit · resets Sep 5, 4am (Asia/Seoul)
2026-09-01T15:09:07Z iteration 174 starting (headless)
2026-09-01T15:09:09Z iteration 174 exited rc=1 after 2s (transcript 8028089 -> 8033045)
2026-09-01T15:09:09Z iteration 174 FAILED rc=1 (hard failure 5/5). first 500 bytes of output:
You've hit your weekly limit · resets Sep 5, 4am (Asia/Seoul)
2026-09-01T15:09:09Z 5 consecutive hard failures, stopping -- this is a fact about the run, not a thing to hide
2026-09-01T16:00:32Z iteration 1 starting (headless)
2026-09-01T16:04:01Z iteration 1 exited rc=0 after 209s (transcript 8033045 -> 8284769)
2026-09-01T16:04:11Z iteration 2 starting (headless)
2026-09-01T16:05:34Z iteration 2 exited rc=0 after 83s (transcript 8284769 -> 8320362)
2026-09-01T16:05:44Z iteration 3 starting (headless)
2026-09-01T16:06:04Z iteration 3 exited rc=0 after 20s (transcript 8320362 -> 8330554)
2026-09-01T16:06:14Z iteration 4 starting (headless)
2026-09-01T16:06:29Z iteration 4 exited rc=0 after 15s (transcript 8330554 -> 8340314)
2026-09-01T16:06:39Z iteration 5 starting (headless)
2026-09-01T16:06:47Z iteration 5 exited rc=0 after 8s (transcript 8340314 -> 8344445)
2026-09-01T16:06:57Z iteration 6 starting (headless)
2026-09-01T16:07:05Z iteration 6 exited rc=0 after 8s (transcript 8344445 -> 8348418)
2026-09-01T16:07:15Z iteration 7 starting (headless)
2026-09-01T16:07:20Z iteration 7 exited rc=0 after 5s (transcript 8348418 -> 8351741)
2026-09-01T16:07:20Z 5 consecutive sub-minute turns WITH transcript growth -- the agent is working and waiting, not spinning; inter-turn sleep 10s -> 2700s
