2026-08-29T10:41:40Z iteration 1 starting (headless)
2026-08-29T11:04:30Z iteration 1 exited rc=0 after 1370s (transcript 0 -> 484324)
2026-08-29T11:04:40Z iteration 2 starting (headless)
2026-08-29T11:07:54Z iteration 2 exited rc=0 after 194s (transcript 484324 -> 578093)
2026-08-29T11:08:04Z iteration 3 starting (headless)
2026-08-29T13:34:13Z iteration 3 exited rc=0 after 8769s (transcript 578093 -> 927164)
2026-08-29T13:34:23Z iteration 4 starting (headless)
2026-08-29T13:39:51Z iteration 4 exited rc=0 after 328s (transcript 927164 -> 1081956)
2026-08-29T13:40:01Z iteration 5 starting (headless)
2026-08-29T22:34:19Z iteration 5 exited rc=143 after 32058s (transcript 1081956 -> 1290215)
2026-08-29T22:34:19Z iteration 5 FAILED rc=143 (hard failure 1/5). first 500 bytes of output:
Execution error
2026-08-29T22:34:49Z stop file present, loop ending
2026-08-29T22:34:49Z headless session loop for rep09 finished after 5 iteration(s)
2026-08-30T02:43:44Z iteration 1 starting (headless)
2026-08-30T02:59:29Z iteration 1 exited rc=0 after 945s (transcript 0 -> 601345)
2026-08-30T02:59:39Z iteration 2 starting (headless)
2026-08-30T03:34:19Z iteration 2 exited rc=0 after 2080s (transcript 601345 -> 834409)
2026-08-30T03:34:29Z iteration 3 starting (headless)
2026-08-30T04:23:33Z iteration 3 exited rc=0 after 2944s (transcript 834409 -> 1269678)
2026-08-30T04:23:43Z iteration 4 starting (headless)
2026-08-30T07:08:56Z iteration 4 exited rc=0 after 9913s (transcript 1269678 -> 1819300)
2026-08-30T07:09:06Z iteration 5 starting (headless)
