2026-08-29T05:12:34Z iteration 1 starting (headless)
2026-08-29T22:34:18Z iteration 1 exited rc=143 after 62504s (transcript 0 -> 1978314)
2026-08-29T22:34:18Z iteration 1 FAILED rc=143 (hard failure 1/5). first 500 bytes of output:

2026-08-29T22:34:48Z stop file present, loop ending
2026-08-29T22:34:48Z headless session loop for rep01 finished after 1 iteration(s)
2026-08-30T02:43:00Z iteration 1 starting (headless)
2026-08-30T02:59:02Z iteration 1 exited rc=0 after 962s (transcript 0 -> 739902)
2026-08-30T02:59:12Z iteration 2 starting (headless)
2026-08-30T03:01:50Z iteration 2 exited rc=0 after 158s (transcript 739902 -> 853980)
2026-08-30T03:02:00Z iteration 3 starting (headless)
2026-08-30T03:09:22Z iteration 3 exited rc=0 after 442s (transcript 853980 -> 1098690)
2026-08-30T03:09:32Z iteration 4 starting (headless)
2026-08-30T03:13:16Z iteration 4 exited rc=0 after 224s (transcript 1098690 -> 1243938)
2026-08-30T03:13:26Z iteration 5 starting (headless)
2026-08-30T03:20:11Z iteration 5 exited rc=0 after 405s (transcript 1243938 -> 1391568)
2026-08-30T03:20:21Z iteration 6 starting (headless)
2026-08-30T04:00:52Z iteration 6 exited rc=0 after 2431s (transcript 1391568 -> 1516618)
2026-08-30T04:01:02Z iteration 7 starting (headless)
2026-08-30T04:42:57Z iteration 7 exited rc=0 after 2515s (transcript 1516618 -> 1700223)
2026-08-30T04:43:07Z iteration 8 starting (headless)
2026-08-30T05:31:34Z iteration 8 exited rc=0 after 2907s (transcript 1700223 -> 1795158)
2026-08-30T05:31:44Z iteration 9 starting (headless)
2026-08-30T05:41:39Z iteration 9 exited rc=0 after 595s (transcript 1795158 -> 1869269)
2026-08-30T05:41:49Z iteration 10 starting (headless)
2026-08-30T05:50:50Z iteration 10 exited rc=0 after 541s (transcript 1869269 -> 1936478)
2026-08-30T05:51:00Z iteration 11 starting (headless)
2026-08-30T06:18:57Z iteration 11 exited rc=0 after 1677s (transcript 1936478 -> 2010543)
2026-08-30T06:19:07Z iteration 12 starting (headless)
2026-08-30T08:23:50Z iteration 12 exited rc=0 after 7483s (transcript 2010543 -> 2123565)
2026-08-30T08:24:00Z iteration 13 starting (headless)
2026-08-30T10:59:35Z iteration 13 exited rc=0 after 9335s (transcript 2123565 -> 2294490)
2026-08-30T10:59:45Z iteration 14 starting (headless)
2026-08-30T11:29:04Z iteration 14 exited rc=0 after 1759s (transcript 2294490 -> 2382771)
2026-08-30T11:29:14Z iteration 15 starting (headless)
2026-08-30T12:27:09Z iteration 15 exited rc=0 after 3475s (transcript 2382771 -> 2469920)
2026-08-30T12:27:19Z iteration 16 starting (headless)
2026-08-30T14:14:00Z iteration 16 exited rc=0 after 6401s (transcript 2469920 -> 2589085)
2026-08-30T14:14:10Z iteration 17 starting (headless)
2026-08-30T17:29:20Z iteration 17 exited rc=0 after 11710s (transcript 2589085 -> 2739716)
2026-08-30T17:29:30Z iteration 18 starting (headless)
