2026-08-29T10:41:10Z iteration 1 starting (headless)
2026-08-29T11:20:04Z iteration 1 exited rc=0 after 2334s (transcript 0 -> 683512)
2026-08-29T11:20:14Z iteration 2 starting (headless)
2026-08-29T11:32:10Z iteration 2 exited rc=0 after 716s (transcript 683512 -> 881405)
2026-08-29T11:32:20Z iteration 3 starting (headless)
2026-08-29T11:39:24Z iteration 3 exited rc=0 after 424s (transcript 881405 -> 981138)
2026-08-29T11:39:34Z iteration 4 starting (headless)
2026-08-29T14:22:08Z iteration 4 exited rc=0 after 9754s (transcript 981138 -> 1117930)
2026-08-29T14:22:18Z iteration 5 starting (headless)
2026-08-29T21:47:41Z iteration 5 exited rc=0 after 26723s (transcript 1117930 -> 1327976)
2026-08-29T21:47:51Z iteration 6 starting (headless)
2026-08-29T21:50:31Z iteration 6 exited rc=0 after 160s (transcript 1327976 -> 1419742)
2026-08-29T21:50:42Z iteration 7 starting (headless)
2026-08-29T22:34:18Z iteration 7 exited rc=143 after 2616s (transcript 1419742 -> 1469584)
2026-08-29T22:34:18Z iteration 7 FAILED rc=143 (hard failure 1/5). first 500 bytes of output:
Execution error
2026-08-29T22:34:48Z stop file present, loop ending
2026-08-29T22:34:48Z headless session loop for rep07 finished after 7 iteration(s)
2026-08-30T02:43:33Z iteration 1 starting (headless)
2026-08-30T03:01:30Z iteration 1 exited rc=0 after 1077s (transcript 0 -> 602462)
2026-08-30T03:01:40Z iteration 2 starting (headless)
