2026-08-29T10:41:16Z iteration 1 starting (headless)
2026-08-29T11:06:31Z iteration 1 exited rc=0 after 1515s (transcript 0 -> 569377)
2026-08-29T11:06:41Z iteration 2 starting (headless)
2026-08-29T11:08:11Z iteration 2 exited rc=0 after 90s (transcript 569377 -> 617095)
2026-08-29T11:08:21Z iteration 3 starting (headless)
2026-08-29T13:21:49Z iteration 3 exited rc=0 after 8008s (transcript 617095 -> 1049738)
2026-08-29T13:21:59Z iteration 4 starting (headless)
2026-08-29T22:34:19Z iteration 4 exited rc=143 after 33139s (transcript 1049738 -> 1453032)
2026-08-29T22:34:19Z iteration 4 FAILED rc=143 (hard failure 1/5). first 500 bytes of output:
Execution error
2026-08-29T22:34:49Z stop file present, loop ending
2026-08-29T22:34:49Z headless session loop for rep08 finished after 4 iteration(s)
2026-08-30T02:43:39Z iteration 1 starting (headless)
2026-08-30T02:55:53Z iteration 1 exited rc=0 after 734s (transcript 0 -> 600535)
2026-08-30T02:56:03Z iteration 2 starting (headless)
2026-08-30T03:04:46Z iteration 2 exited rc=0 after 523s (transcript 600535 -> 821568)
2026-08-30T03:04:56Z iteration 3 starting (headless)
2026-08-30T05:08:06Z iteration 3 exited rc=0 after 7390s (transcript 821568 -> 1315750)
2026-08-30T05:08:16Z iteration 4 starting (headless)
2026-08-30T14:32:28Z iteration 4 exited rc=0 after 33852s (transcript 1315750 -> 1779518)
2026-08-30T14:32:38Z iteration 5 starting (headless)
