2026-08-29T11:42:35Z iteration 1 starting (headless)
2026-08-29T12:08:30Z iteration 1 exited rc=0 after 1555s (transcript 0 -> 704973)
2026-08-29T12:08:40Z iteration 2 starting (headless)
2026-08-29T13:07:54Z iteration 2 exited rc=0 after 3554s (transcript 704973 -> 781940)
2026-08-29T13:08:04Z iteration 3 starting (headless)
2026-08-29T13:21:22Z iteration 3 exited rc=0 after 798s (transcript 781940 -> 895072)
2026-08-29T13:21:32Z iteration 4 starting (headless)
2026-08-29T14:04:05Z iteration 4 exited rc=0 after 2553s (transcript 895072 -> 1035538)
2026-08-29T14:04:15Z iteration 5 starting (headless)
2026-08-29T14:25:00Z iteration 5 exited rc=0 after 1245s (transcript 1035538 -> 1089694)
2026-08-29T14:25:10Z iteration 6 starting (headless)
2026-08-29T14:41:40Z iteration 6 exited rc=0 after 990s (transcript 1089694 -> 1170348)
2026-08-29T14:41:50Z iteration 7 starting (headless)
2026-08-29T21:25:25Z iteration 7 exited rc=1 after 24215s (transcript 1170348 -> 1239850)
2026-08-29T21:25:25Z iteration 7 FAILED rc=1 (hard failure 1/5). first 500 bytes of output:
SSH to the cluster timed out. Work continues independently on the cluster; retrying the connection.
API Error: Your computer went to sleep mid-response. The response above may be incomplete.
2026-08-29T21:41:39Z iteration 8 starting (headless)
2026-08-29T21:43:50Z iteration 8 exited rc=0 after 131s (transcript 1239850 -> 1289059)
2026-08-29T21:44:00Z iteration 9 starting (headless)
2026-08-29T22:15:59Z iteration 9 exited rc=0 after 1919s (transcript 1289059 -> 1400501)
2026-08-29T22:16:09Z stop file present, loop ending
2026-08-29T22:16:09Z headless session loop for rep15 finished after 9 iteration(s)
2026-08-30T02:44:12Z iteration 1 starting (headless)
2026-08-30T03:27:20Z iteration 1 exited rc=0 after 2588s (transcript 0 -> 1135556)
2026-08-30T03:27:30Z iteration 2 starting (headless)
2026-08-30T03:36:07Z iteration 2 exited rc=0 after 517s (transcript 1135556 -> 1383001)
2026-08-30T03:36:17Z iteration 3 starting (headless)
2026-08-30T03:48:51Z iteration 3 exited rc=0 after 754s (transcript 1383001 -> 1763679)
2026-08-30T03:49:01Z iteration 4 starting (headless)
2026-08-30T03:55:49Z iteration 4 exited rc=0 after 408s (transcript 1763679 -> 2004844)
2026-08-30T03:55:59Z iteration 5 starting (headless)
2026-08-30T03:59:24Z iteration 5 exited rc=0 after 205s (transcript 2004844 -> 2127292)
2026-08-30T03:59:34Z iteration 6 starting (headless)
2026-08-30T04:02:14Z iteration 6 exited rc=0 after 160s (transcript 2127292 -> 2238002)
2026-08-30T04:02:24Z iteration 7 starting (headless)
2026-08-30T04:04:49Z iteration 7 exited rc=0 after 145s (transcript 2238002 -> 2336755)
2026-08-30T04:04:59Z iteration 8 starting (headless)
2026-08-30T04:05:29Z iteration 8 exited rc=0 after 30s (transcript 2336755 -> 2383213)
2026-08-30T04:05:39Z iteration 9 starting (headless)
2026-08-30T04:07:26Z iteration 9 exited rc=0 after 107s (transcript 2383213 -> 2475686)
2026-08-30T04:07:36Z iteration 10 starting (headless)
2026-08-30T04:09:07Z iteration 10 exited rc=0 after 91s (transcript 2475686 -> 2548923)
2026-08-30T04:09:17Z iteration 11 starting (headless)
2026-08-30T04:10:17Z iteration 11 exited rc=0 after 60s (transcript 2548923 -> 2608638)
2026-08-30T04:10:27Z iteration 12 starting (headless)
2026-08-30T04:12:03Z iteration 12 exited rc=0 after 96s (transcript 2608638 -> 2689705)
2026-08-30T04:12:13Z iteration 13 starting (headless)
2026-08-30T04:12:45Z iteration 13 exited rc=0 after 32s (transcript 2689705 -> 2734298)
2026-08-30T04:12:55Z iteration 14 starting (headless)
2026-08-30T04:13:26Z iteration 14 exited rc=0 after 31s (transcript 2734298 -> 2774103)
2026-08-30T04:13:36Z iteration 15 starting (headless)
2026-08-30T04:14:32Z iteration 15 exited rc=0 after 56s (transcript 2774103 -> 2829196)
2026-08-30T04:14:42Z iteration 16 starting (headless)
2026-08-30T04:15:29Z iteration 16 exited rc=0 after 47s (transcript 2829196 -> 2879685)
2026-08-30T04:15:39Z iteration 17 starting (headless)
2026-08-30T04:16:19Z iteration 17 exited rc=0 after 40s (transcript 2879685 -> 2928575)
2026-08-30T04:16:19Z 5 consecutive sub-minute turns, stopping to avoid a hot loop
2026-08-30T04:16:19Z headless session loop for rep15 finished after 17 iteration(s)
2026-08-30T05:02:33Z iteration 1 starting (headless)
2026-08-30T06:02:32Z iteration 1 starting (headless)
2026-08-30T07:02:33Z iteration 1 starting (headless)
2026-08-30T19:05:49Z iteration 1 starting (headless)
