2026-08-29T11:42:17Z iteration 1 starting (headless)
2026-08-29T12:18:59Z iteration 1 exited rc=0 after 2201s (transcript 0 -> 824382)
2026-08-29T12:19:09Z iteration 2 starting (headless)
2026-08-29T17:29:22Z iteration 2 exited rc=1 after 18613s (transcript 824382 -> 1295184)
2026-08-29T17:29:22Z iteration 2 FAILED rc=1 (hard failure 1/5). first 500 bytes of output:
The scheduler counts PBS-queued jobs against the shared limit, so sibling replicates' queued work is what's blocking me. While waiting, validating the worker path end-to-end.
API Error: Your computer went to sleep mid-response. The response above may be incomplete.
2026-08-29T18:54:36Z iteration 3 starting (headless)
2026-08-29T19:42:08Z iteration 3 exited rc=1 after 2852s (transcript 1295184 -> 1310995)
2026-08-29T19:42:08Z iteration 3 FAILED rc=1 (hard failure 2/5). first 500 bytes of output:
API Error: Your computer went to sleep mid-response. The response above may be incomplete.
2026-08-29T21:41:29Z iteration 4 starting (headless)
2026-08-29T22:34:18Z iteration 4 exited rc=143 after 3169s (transcript 1310995 -> 1432335)
2026-08-29T22:34:18Z iteration 4 FAILED rc=143 (hard failure 3/5). first 500 bytes of output:
Execution error
2026-08-29T22:35:48Z stop file present, loop ending
2026-08-29T22:35:48Z headless session loop for rep12 finished after 4 iteration(s)
2026-08-30T02:44:01Z iteration 1 starting (headless)
2026-08-30T02:58:54Z iteration 1 exited rc=0 after 893s (transcript 0 -> 659770)
2026-08-30T02:59:04Z iteration 2 starting (headless)
2026-08-30T03:13:10Z iteration 2 exited rc=0 after 846s (transcript 659770 -> 1087391)
2026-08-30T03:13:20Z iteration 3 starting (headless)
2026-08-30T03:18:35Z iteration 3 exited rc=0 after 315s (transcript 1087391 -> 1264883)
2026-08-30T03:18:45Z iteration 4 starting (headless)
2026-08-30T03:22:40Z iteration 4 exited rc=0 after 235s (transcript 1264883 -> 1377240)
2026-08-30T03:22:50Z iteration 5 starting (headless)
2026-08-30T03:25:36Z iteration 5 exited rc=0 after 166s (transcript 1377240 -> 1470428)
2026-08-30T03:25:46Z iteration 6 starting (headless)
2026-08-30T03:27:41Z iteration 6 exited rc=0 after 115s (transcript 1470428 -> 1537671)
2026-08-30T03:27:51Z iteration 7 starting (headless)
2026-08-30T03:29:03Z iteration 7 exited rc=0 after 72s (transcript 1537671 -> 1572630)
2026-08-30T03:29:13Z iteration 8 starting (headless)
2026-08-30T03:32:24Z iteration 8 exited rc=0 after 191s (transcript 1572630 -> 1619008)
2026-08-30T03:32:34Z iteration 9 starting (headless)
2026-08-30T03:33:42Z iteration 9 exited rc=0 after 68s (transcript 1619008 -> 1663071)
2026-08-30T03:33:52Z iteration 10 starting (headless)
2026-08-30T03:35:19Z iteration 10 exited rc=0 after 87s (transcript 1663071 -> 1715322)
2026-08-30T03:35:29Z iteration 11 starting (headless)
2026-08-30T03:36:50Z iteration 11 exited rc=0 after 81s (transcript 1715322 -> 1758121)
2026-08-30T03:37:00Z iteration 12 starting (headless)
2026-08-30T03:39:35Z iteration 12 exited rc=0 after 155s (transcript 1758121 -> 1845025)
2026-08-30T03:39:45Z iteration 13 starting (headless)
2026-08-30T03:40:31Z iteration 13 exited rc=0 after 46s (transcript 1845025 -> 1874706)
2026-08-30T03:40:41Z iteration 14 starting (headless)
2026-08-30T03:41:04Z iteration 14 exited rc=0 after 23s (transcript 1874706 -> 1888535)
2026-08-30T03:41:14Z iteration 15 starting (headless)
2026-08-30T03:42:07Z iteration 15 exited rc=0 after 53s (transcript 1888535 -> 1918374)
2026-08-30T03:42:17Z iteration 16 starting (headless)
2026-08-30T03:42:39Z iteration 16 exited rc=0 after 22s (transcript 1918374 -> 1931571)
2026-08-30T03:42:49Z iteration 17 starting (headless)
2026-08-30T03:43:01Z iteration 17 exited rc=0 after 12s (transcript 1931571 -> 1939881)
2026-08-30T03:43:01Z 5 consecutive sub-minute turns, stopping to avoid a hot loop
2026-08-30T03:43:01Z headless session loop for rep12 finished after 17 iteration(s)
2026-08-30T05:02:19Z iteration 1 starting (headless)
2026-08-30T06:02:19Z iteration 1 starting (headless)
2026-08-30T07:02:26Z iteration 1 starting (headless)
2026-08-30T19:05:38Z iteration 1 starting (headless)
2026-08-30T19:20:33Z iteration 1 exited rc=0 after 895s (transcript 2340650 -> 3017223)
2026-08-30T19:20:43Z iteration 2 starting (headless)
