2026-08-29T11:42:11Z iteration 1 starting (headless)
2026-08-29T15:02:37Z iteration 1 exited rc=0 after 12026s (transcript 0 -> 1016810)
2026-08-29T15:02:47Z iteration 2 starting (headless)
2026-08-29T22:01:22Z iteration 2 exited rc=0 after 25115s (transcript 1016810 -> 1244274)
2026-08-29T22:01:32Z iteration 3 starting (headless)
2026-08-29T22:02:11Z iteration 3 exited rc=0 after 39s (transcript 1244274 -> 1262160)
2026-08-29T22:02:21Z iteration 4 starting (headless)
2026-08-29T22:34:18Z iteration 4 exited rc=143 after 1917s (transcript 1262160 -> 1333947)
2026-08-29T22:34:18Z iteration 4 FAILED rc=143 (hard failure 1/5). first 500 bytes of output:
Execution error
2026-08-29T22:34:48Z stop file present, loop ending
2026-08-29T22:34:48Z headless session loop for rep11 finished after 4 iteration(s)
2026-08-30T02:43:56Z iteration 1 starting (headless)
2026-08-30T03:00:26Z iteration 1 exited rc=0 after 990s (transcript 0 -> 716403)
2026-08-30T03:00:36Z iteration 2 starting (headless)
2026-08-30T03:07:00Z iteration 2 exited rc=0 after 384s (transcript 716403 -> 856346)
2026-08-30T03:07:10Z iteration 3 starting (headless)
2026-08-30T03:21:52Z iteration 3 exited rc=0 after 882s (transcript 856346 -> 999740)
2026-08-30T03:22:02Z iteration 4 starting (headless)
2026-08-30T03:42:12Z iteration 4 exited rc=0 after 1210s (transcript 999740 -> 1120108)
2026-08-30T03:42:22Z iteration 5 starting (headless)
2026-08-30T03:52:53Z iteration 5 exited rc=0 after 631s (transcript 1120108 -> 1234862)
2026-08-30T03:53:03Z iteration 6 starting (headless)
2026-08-30T03:56:45Z iteration 6 exited rc=0 after 222s (transcript 1234862 -> 1353632)
2026-08-30T03:56:55Z iteration 7 starting (headless)
2026-08-30T03:59:03Z iteration 7 exited rc=0 after 128s (transcript 1353632 -> 1416234)
2026-08-30T03:59:13Z iteration 8 starting (headless)
2026-08-30T04:02:28Z iteration 8 exited rc=0 after 195s (transcript 1416234 -> 1505754)
2026-08-30T04:02:38Z iteration 9 starting (headless)
2026-08-30T04:06:59Z iteration 9 exited rc=0 after 261s (transcript 1505754 -> 1574944)
2026-08-30T04:07:09Z iteration 10 starting (headless)
2026-08-30T04:07:50Z iteration 10 exited rc=0 after 41s (transcript 1574944 -> 1597551)
2026-08-30T04:08:00Z iteration 11 starting (headless)
2026-08-30T04:08:35Z iteration 11 exited rc=0 after 35s (transcript 1597551 -> 1614916)
2026-08-30T04:08:45Z iteration 12 starting (headless)
2026-08-30T04:09:04Z iteration 12 exited rc=0 after 19s (transcript 1614916 -> 1627598)
2026-08-30T04:09:14Z iteration 13 starting (headless)
2026-08-30T04:11:06Z iteration 13 exited rc=0 after 112s (transcript 1627598 -> 1681409)
2026-08-30T04:11:16Z iteration 14 starting (headless)
2026-08-30T04:12:25Z iteration 14 exited rc=0 after 69s (transcript 1681409 -> 1715709)
2026-08-30T04:12:35Z iteration 15 starting (headless)
2026-08-30T04:13:49Z iteration 15 exited rc=0 after 74s (transcript 1715709 -> 1750392)
2026-08-30T04:13:59Z iteration 16 starting (headless)
2026-08-30T04:15:12Z iteration 16 exited rc=0 after 73s (transcript 1750392 -> 1784990)
2026-08-30T04:15:22Z iteration 17 starting (headless)
2026-08-30T04:15:57Z iteration 17 exited rc=0 after 35s (transcript 1784990 -> 1802512)
2026-08-30T04:16:07Z iteration 18 starting (headless)
2026-08-30T04:17:16Z iteration 18 exited rc=0 after 69s (transcript 1802512 -> 1835467)
2026-08-30T04:17:26Z iteration 19 starting (headless)
2026-08-30T04:17:58Z iteration 19 exited rc=0 after 32s (transcript 1835467 -> 1851305)
2026-08-30T04:18:08Z iteration 20 starting (headless)
2026-08-30T04:18:22Z iteration 20 exited rc=0 after 14s (transcript 1851305 -> 1859564)
2026-08-30T04:18:32Z iteration 21 starting (headless)
2026-08-30T04:18:49Z iteration 21 exited rc=0 after 17s (transcript 1859564 -> 1868569)
2026-08-30T04:18:59Z iteration 22 starting (headless)
2026-08-30T04:19:15Z iteration 22 exited rc=0 after 16s (transcript 1868569 -> 1878197)
2026-08-30T04:19:25Z iteration 23 starting (headless)
2026-08-30T04:19:41Z iteration 23 exited rc=0 after 16s (transcript 1878197 -> 1886061)
2026-08-30T04:19:41Z 5 consecutive sub-minute turns, stopping to avoid a hot loop
2026-08-30T04:19:41Z headless session loop for rep11 finished after 23 iteration(s)
2026-08-30T05:02:13Z iteration 1 starting (headless)
2026-08-30T06:02:12Z iteration 1 starting (headless)
2026-08-30T07:02:19Z iteration 1 starting (headless)
2026-08-30T19:05:32Z iteration 1 starting (headless)
2026-08-30T19:26:24Z iteration 1 exited rc=0 after 1252s (transcript 2348545 -> 3120928)
2026-08-30T19:26:34Z iteration 2 starting (headless)
2026-08-30T19:30:05Z iteration 2 exited rc=0 after 211s (transcript 3120928 -> 3266770)
2026-08-30T19:30:15Z iteration 3 starting (headless)
