2026-08-29T11:42:49Z iteration 1 starting (headless)
2026-08-29T12:07:48Z iteration 1 exited rc=0 after 1499s (transcript 0 -> 421738)
2026-08-29T12:07:58Z iteration 2 starting (headless)
2026-08-29T12:08:48Z iteration 2 exited rc=0 after 50s (transcript 421738 -> 455481)
2026-08-29T12:08:58Z iteration 3 starting (headless)
2026-08-29T12:09:50Z iteration 3 exited rc=0 after 52s (transcript 455481 -> 492305)
2026-08-29T12:10:00Z iteration 4 starting (headless)
2026-08-29T18:02:59Z iteration 4 exited rc=1 after 21179s (transcript 492305 -> 747275)
2026-08-29T18:02:59Z iteration 4 FAILED rc=1 (hard failure 1/5). first 500 bytes of output:
API Error: Your computer went to sleep mid-response. The response above may be incomplete.
2026-08-29T19:26:25Z iteration 5 starting (headless)
2026-08-29T22:34:18Z iteration 5 exited rc=143 after 11273s (transcript 747275 -> 852342)
2026-08-29T22:34:18Z iteration 5 FAILED rc=143 (hard failure 2/5). first 500 bytes of output:
Execution error
2026-08-29T22:35:18Z stop file present, loop ending
2026-08-29T22:35:18Z headless session loop for rep17 finished after 5 iteration(s)
2026-08-30T02:44:24Z iteration 1 starting (headless)
2026-08-30T03:05:56Z iteration 1 exited rc=0 after 1292s (transcript 0 -> 595863)
2026-08-30T03:06:06Z iteration 2 starting (headless)
2026-08-30T03:08:19Z iteration 2 exited rc=0 after 133s (transcript 595863 -> 648287)
2026-08-30T03:08:29Z iteration 3 starting (headless)
2026-08-30T03:09:06Z iteration 3 exited rc=0 after 37s (transcript 648287 -> 671409)
2026-08-30T03:09:16Z iteration 4 starting (headless)
2026-08-30T03:10:08Z iteration 4 exited rc=0 after 52s (transcript 671409 -> 693976)
2026-08-30T03:10:18Z iteration 5 starting (headless)
2026-08-30T03:11:53Z iteration 5 exited rc=0 after 95s (transcript 693976 -> 729866)
2026-08-30T03:12:04Z iteration 6 starting (headless)
2026-08-30T03:16:59Z iteration 6 exited rc=0 after 295s (transcript 729866 -> 846555)
2026-08-30T03:17:09Z iteration 7 starting (headless)
2026-08-30T03:17:48Z iteration 7 exited rc=0 after 39s (transcript 846555 -> 866416)
2026-08-30T03:17:58Z iteration 8 starting (headless)
2026-08-30T03:18:40Z iteration 8 exited rc=0 after 42s (transcript 866416 -> 884006)
2026-08-30T03:18:50Z iteration 9 starting (headless)
2026-08-30T03:19:12Z iteration 9 exited rc=0 after 22s (transcript 884006 -> 897501)
2026-08-30T03:19:22Z iteration 10 starting (headless)
2026-08-30T03:19:34Z iteration 10 exited rc=0 after 12s (transcript 897501 -> 904928)
2026-08-30T03:19:44Z iteration 11 starting (headless)
2026-08-30T03:37:19Z iteration 11 exited rc=0 after 1055s (transcript 904928 -> 932727)
2026-08-30T03:37:29Z iteration 12 starting (headless)
2026-08-30T04:01:50Z iteration 12 exited rc=0 after 1461s (transcript 932727 -> 965081)
2026-08-30T04:02:00Z iteration 13 starting (headless)
2026-08-30T04:26:10Z iteration 13 exited rc=0 after 1450s (transcript 965081 -> 993595)
2026-08-30T04:26:20Z iteration 14 starting (headless)
2026-08-30T04:45:17Z iteration 14 exited rc=0 after 1137s (transcript 993595 -> 1051582)
2026-08-30T04:45:27Z iteration 15 starting (headless)
2026-08-30T05:19:30Z iteration 15 exited rc=0 after 2043s (transcript 1051582 -> 1093081)
2026-08-30T05:19:40Z iteration 16 starting (headless)
2026-08-30T05:45:59Z iteration 16 exited rc=0 after 1579s (transcript 1093081 -> 1150822)
2026-08-30T05:46:09Z iteration 17 starting (headless)
2026-08-30T05:53:36Z iteration 17 exited rc=0 after 447s (transcript 1150822 -> 1172389)
2026-08-30T05:53:46Z iteration 18 starting (headless)
2026-08-30T06:01:01Z iteration 18 exited rc=0 after 435s (transcript 1172389 -> 1184756)
2026-08-30T06:01:11Z iteration 19 starting (headless)
2026-08-30T06:08:27Z iteration 19 exited rc=0 after 436s (transcript 1184756 -> 1217720)
2026-08-30T06:08:37Z iteration 20 starting (headless)
2026-08-30T06:16:31Z iteration 20 exited rc=0 after 474s (transcript 1217720 -> 1274482)
2026-08-30T06:16:41Z iteration 21 starting (headless)
2026-08-30T06:18:07Z iteration 21 exited rc=0 after 86s (transcript 1274482 -> 1311252)
2026-08-30T06:18:17Z iteration 22 starting (headless)
2026-08-30T06:33:34Z iteration 22 exited rc=0 after 917s (transcript 1311252 -> 1332707)
2026-08-30T06:33:44Z iteration 23 starting (headless)
2026-08-30T06:59:48Z iteration 23 exited rc=0 after 1564s (transcript 1332707 -> 1370984)
2026-08-30T06:59:58Z iteration 24 starting (headless)
2026-08-30T07:16:09Z iteration 24 exited rc=0 after 971s (transcript 1370984 -> 1393227)
2026-08-30T07:16:19Z iteration 25 starting (headless)
2026-08-30T07:33:14Z iteration 25 exited rc=0 after 1015s (transcript 1393227 -> 1406257)
2026-08-30T07:33:24Z iteration 26 starting (headless)
2026-08-30T07:35:00Z iteration 26 exited rc=0 after 96s (transcript 1406257 -> 1448836)
2026-08-30T07:35:10Z iteration 27 starting (headless)
2026-08-30T07:42:52Z iteration 27 exited rc=0 after 462s (transcript 1448836 -> 1460022)
2026-08-30T07:43:02Z iteration 28 starting (headless)
2026-08-30T07:44:10Z iteration 28 exited rc=0 after 68s (transcript 1460022 -> 1495305)
2026-08-30T07:44:20Z iteration 29 starting (headless)
2026-08-30T08:01:20Z iteration 29 exited rc=0 after 1020s (transcript 1495305 -> 1508744)
2026-08-30T08:01:30Z iteration 30 starting (headless)
2026-08-30T08:15:00Z iteration 30 exited rc=0 after 810s (transcript 1508744 -> 1542948)
2026-08-30T08:15:10Z iteration 31 starting (headless)
2026-08-30T08:29:37Z iteration 31 exited rc=0 after 867s (transcript 1542948 -> 1559505)
2026-08-30T08:29:47Z iteration 32 starting (headless)
2026-08-30T08:31:55Z iteration 32 exited rc=0 after 128s (transcript 1559505 -> 1589286)
2026-08-30T08:32:05Z iteration 33 starting (headless)
2026-08-30T08:39:44Z iteration 33 exited rc=0 after 459s (transcript 1589286 -> 1601523)
2026-08-30T08:39:54Z iteration 34 starting (headless)
2026-08-30T08:40:51Z iteration 34 exited rc=0 after 57s (transcript 1601523 -> 1631341)
2026-08-30T08:41:01Z iteration 35 starting (headless)
2026-08-30T08:42:19Z iteration 35 exited rc=0 after 78s (transcript 1631341 -> 1655535)
2026-08-30T08:42:29Z iteration 36 starting (headless)
2026-08-30T08:55:23Z iteration 36 exited rc=0 after 774s (transcript 1655535 -> 1697322)
2026-08-30T08:55:33Z iteration 37 starting (headless)
2026-08-30T09:03:10Z iteration 37 exited rc=0 after 457s (transcript 1697322 -> 1705763)
2026-08-30T09:03:20Z iteration 38 starting (headless)
2026-08-30T09:29:22Z iteration 38 exited rc=0 after 1562s (transcript 1705763 -> 1731883)
2026-08-30T09:29:32Z iteration 39 starting (headless)
2026-08-30T09:56:22Z iteration 39 exited rc=0 after 1610s (transcript 1731883 -> 1751613)
2026-08-30T09:56:32Z iteration 40 starting (headless)
2026-08-30T10:08:34Z iteration 40 exited rc=0 after 722s (transcript 1751613 -> 1805310)
2026-08-30T10:08:44Z iteration 41 starting (headless)
2026-08-30T10:16:18Z iteration 41 exited rc=0 after 454s (transcript 1805310 -> 1813556)
2026-08-30T10:16:28Z iteration 42 starting (headless)
2026-08-30T10:33:44Z iteration 42 exited rc=0 after 1036s (transcript 1813556 -> 1865632)
2026-08-30T10:33:54Z iteration 43 starting (headless)
2026-08-30T11:11:36Z iteration 43 exited rc=0 after 2262s (transcript 1865632 -> 1885396)
2026-08-30T11:11:46Z iteration 44 starting (headless)
2026-08-30T11:30:43Z iteration 44 exited rc=0 after 1137s (transcript 1885396 -> 1901892)
2026-08-30T11:30:53Z iteration 45 starting (headless)
2026-08-30T11:41:29Z iteration 45 exited rc=0 after 636s (transcript 1901892 -> 1938363)
2026-08-30T11:41:39Z iteration 46 starting (headless)
2026-08-30T11:49:15Z iteration 46 exited rc=0 after 456s (transcript 1938363 -> 1946962)
2026-08-30T11:49:25Z iteration 47 starting (headless)
2026-08-30T11:59:27Z iteration 47 exited rc=0 after 602s (transcript 1946962 -> 1970692)
2026-08-30T11:59:37Z iteration 48 starting (headless)
2026-08-30T12:03:29Z iteration 48 exited rc=0 after 232s (transcript 1970692 -> 1994641)
2026-08-30T12:03:39Z iteration 49 starting (headless)
2026-08-30T12:04:16Z iteration 49 exited rc=0 after 37s (transcript 1994641 -> 2010060)
2026-08-30T12:04:26Z iteration 50 starting (headless)
2026-08-30T12:23:58Z iteration 50 exited rc=0 after 1172s (transcript 2010060 -> 2036054)
2026-08-30T12:24:08Z iteration 51 starting (headless)
2026-08-30T12:45:31Z iteration 51 exited rc=0 after 1283s (transcript 2036054 -> 2061972)
2026-08-30T12:45:41Z iteration 52 starting (headless)
2026-08-30T13:04:33Z iteration 52 exited rc=0 after 1132s (transcript 2061972 -> 2071604)
2026-08-30T13:04:43Z iteration 53 starting (headless)
2026-08-30T13:23:39Z iteration 53 exited rc=0 after 1136s (transcript 2071604 -> 2084248)
2026-08-30T13:23:49Z iteration 54 starting (headless)
2026-08-30T13:42:54Z iteration 54 exited rc=0 after 1145s (transcript 2084248 -> 2104334)
2026-08-30T13:43:04Z iteration 55 starting (headless)
2026-08-30T13:52:31Z iteration 55 exited rc=0 after 567s (transcript 2104334 -> 2145849)
2026-08-30T13:52:41Z iteration 56 starting (headless)
2026-08-30T14:19:08Z iteration 56 exited rc=0 after 1587s (transcript 2145849 -> 2182928)
2026-08-30T14:19:18Z iteration 57 starting (headless)
2026-08-30T14:26:06Z iteration 57 exited rc=0 after 408s (transcript 2182928 -> 2212725)
2026-08-30T14:26:16Z iteration 58 starting (headless)
2026-08-30T14:33:52Z iteration 58 exited rc=0 after 456s (transcript 2212725 -> 2221116)
2026-08-30T14:34:02Z iteration 59 starting (headless)
2026-08-30T14:52:52Z iteration 59 exited rc=0 after 1130s (transcript 2221116 -> 2230427)
2026-08-30T14:53:02Z iteration 60 starting (headless)
2026-08-30T15:20:58Z iteration 60 exited rc=0 after 1676s (transcript 2230427 -> 2251295)
2026-08-30T15:21:09Z iteration 61 starting (headless)
2026-08-30T15:30:49Z iteration 61 exited rc=0 after 580s (transcript 2251295 -> 2263065)
2026-08-30T15:30:59Z iteration 62 starting (headless)
2026-08-30T15:49:49Z iteration 62 exited rc=0 after 1130s (transcript 2263065 -> 2272360)
2026-08-30T15:49:59Z iteration 63 starting (headless)
2026-08-30T16:16:21Z iteration 63 exited rc=0 after 1582s (transcript 2272360 -> 2289137)
2026-08-30T16:16:31Z iteration 64 starting (headless)
2026-08-30T16:35:23Z iteration 64 exited rc=0 after 1132s (transcript 2289137 -> 2298435)
2026-08-30T16:35:33Z iteration 65 starting (headless)
2026-08-30T16:54:24Z iteration 65 exited rc=0 after 1131s (transcript 2298435 -> 2307790)
2026-08-30T16:54:34Z iteration 66 starting (headless)
2026-08-30T17:19:51Z iteration 66 exited rc=0 after 1517s (transcript 2307790 -> 2353886)
2026-08-30T17:20:01Z iteration 67 starting (headless)
2026-08-30T17:20:29Z iteration 67 exited rc=0 after 28s (transcript 2353886 -> 2364322)
2026-08-30T17:20:39Z iteration 68 starting (headless)
2026-08-30T17:38:06Z iteration 68 exited rc=0 after 1047s (transcript 2364322 -> 2374546)
2026-08-30T17:38:16Z iteration 69 starting (headless)
2026-08-30T17:47:49Z iteration 69 exited rc=0 after 573s (transcript 2374546 -> 2384229)
2026-08-30T17:47:59Z iteration 70 starting (headless)
2026-08-30T18:06:49Z iteration 70 exited rc=0 after 1130s (transcript 2384229 -> 2393284)
2026-08-30T18:06:59Z iteration 71 starting (headless)
2026-08-30T18:25:49Z iteration 71 exited rc=0 after 1130s (transcript 2393284 -> 2402802)
2026-08-30T18:25:59Z iteration 72 starting (headless)
2026-08-30T18:44:50Z iteration 72 exited rc=0 after 1131s (transcript 2402802 -> 2413306)
2026-08-30T18:45:00Z iteration 73 starting (headless)
2026-08-30T18:54:39Z iteration 73 exited rc=0 after 579s (transcript 2413306 -> 2423030)
2026-08-30T18:54:49Z iteration 74 starting (headless)
2026-08-30T19:05:07Z iteration 74 exited rc=0 after 618s (transcript 2423030 -> 2457101)
2026-08-30T19:05:17Z iteration 75 starting (headless)
