2026-08-29T11:42:23Z iteration 1 starting (headless)
2026-08-29T12:11:54Z iteration 1 exited rc=0 after 1771s (transcript 0 -> 696924)
2026-08-29T12:12:04Z iteration 2 starting (headless)
2026-08-29T12:16:18Z iteration 2 exited rc=0 after 254s (transcript 696924 -> 800328)
2026-08-29T12:16:28Z iteration 3 starting (headless)
2026-08-29T12:18:19Z iteration 3 exited rc=0 after 111s (transcript 800328 -> 842018)
2026-08-29T12:18:29Z iteration 4 starting (headless)
2026-08-29T12:20:27Z iteration 4 exited rc=0 after 118s (transcript 842018 -> 879278)
2026-08-29T12:20:37Z iteration 5 starting (headless)
2026-08-29T22:34:18Z iteration 5 exited rc=143 after 36821s (transcript 879278 -> 1266643)
2026-08-29T22:34:18Z iteration 5 FAILED rc=143 (hard failure 1/5). first 500 bytes of output:
Execution error
2026-08-29T22:34:48Z stop file present, loop ending
2026-08-29T22:34:48Z headless session loop for rep13 finished after 5 iteration(s)
2026-08-30T02:44:07Z iteration 1 starting (headless)
2026-08-30T02:52:19Z iteration 1 exited rc=0 after 492s (transcript 0 -> 421783)
2026-08-30T02:52:29Z iteration 2 starting (headless)
2026-08-30T02:56:54Z iteration 2 exited rc=0 after 265s (transcript 421783 -> 544271)
2026-08-30T02:57:04Z iteration 3 starting (headless)
2026-08-30T02:59:15Z iteration 3 exited rc=0 after 131s (transcript 544271 -> 606120)
2026-08-30T02:59:25Z iteration 4 starting (headless)
2026-08-30T03:02:28Z iteration 4 exited rc=0 after 183s (transcript 606120 -> 721581)
2026-08-30T03:02:38Z iteration 5 starting (headless)
2026-08-30T03:04:25Z iteration 5 exited rc=0 after 107s (transcript 721581 -> 768096)
2026-08-30T03:04:35Z iteration 6 starting (headless)
2026-08-30T03:06:02Z iteration 6 exited rc=0 after 87s (transcript 768096 -> 795048)
2026-08-30T03:06:12Z iteration 7 starting (headless)
2026-08-30T03:10:11Z iteration 7 exited rc=0 after 239s (transcript 795048 -> 860465)
2026-08-30T03:10:21Z iteration 8 starting (headless)
2026-08-30T03:12:18Z iteration 8 exited rc=0 after 117s (transcript 860465 -> 913928)
2026-08-30T03:12:28Z iteration 9 starting (headless)
2026-08-30T03:13:21Z iteration 9 exited rc=0 after 53s (transcript 913928 -> 937556)
2026-08-30T03:13:31Z iteration 10 starting (headless)
2026-08-30T03:15:24Z iteration 10 exited rc=0 after 113s (transcript 937556 -> 977490)
2026-08-30T03:15:34Z iteration 11 starting (headless)
2026-08-30T03:16:25Z iteration 11 exited rc=0 after 51s (transcript 977490 -> 996203)
2026-08-30T03:16:35Z iteration 12 starting (headless)
2026-08-30T03:17:36Z iteration 12 exited rc=0 after 61s (transcript 996203 -> 1028165)
2026-08-30T03:17:46Z iteration 13 starting (headless)
2026-08-30T03:20:03Z iteration 13 exited rc=0 after 137s (transcript 1028165 -> 1087859)
2026-08-30T03:20:13Z iteration 14 starting (headless)
2026-08-30T03:20:53Z iteration 14 exited rc=0 after 40s (transcript 1087859 -> 1107407)
2026-08-30T03:21:03Z iteration 15 starting (headless)
2026-08-30T03:21:28Z iteration 15 exited rc=0 after 25s (transcript 1107407 -> 1120819)
2026-08-30T03:21:38Z iteration 16 starting (headless)
2026-08-30T03:22:05Z iteration 16 exited rc=0 after 27s (transcript 1120819 -> 1134260)
2026-08-30T03:22:15Z iteration 17 starting (headless)
2026-08-30T03:23:16Z iteration 17 exited rc=0 after 61s (transcript 1134260 -> 1163059)
2026-08-30T03:23:26Z iteration 18 starting (headless)
2026-08-30T03:25:14Z iteration 18 exited rc=0 after 108s (transcript 1163059 -> 1207890)
2026-08-30T03:25:24Z iteration 19 starting (headless)
2026-08-30T03:26:41Z iteration 19 exited rc=0 after 77s (transcript 1207890 -> 1250860)
2026-08-30T03:26:51Z iteration 20 starting (headless)
2026-08-30T03:27:27Z iteration 20 exited rc=0 after 36s (transcript 1250860 -> 1266654)
2026-08-30T03:27:37Z iteration 21 starting (headless)
2026-08-30T03:28:48Z iteration 21 exited rc=0 after 71s (transcript 1266654 -> 1296281)
2026-08-30T03:28:58Z iteration 22 starting (headless)
2026-08-30T03:29:49Z iteration 22 exited rc=0 after 51s (transcript 1296281 -> 1315266)
2026-08-30T03:29:59Z iteration 23 starting (headless)
2026-08-30T03:30:34Z iteration 23 exited rc=0 after 35s (transcript 1315266 -> 1330835)
2026-08-30T03:30:44Z iteration 24 starting (headless)
2026-08-30T03:31:03Z iteration 24 exited rc=0 after 19s (transcript 1330835 -> 1340501)
2026-08-30T03:31:13Z iteration 25 starting (headless)
2026-08-30T03:31:26Z iteration 25 exited rc=0 after 13s (transcript 1340501 -> 1349770)
2026-08-30T03:31:36Z iteration 26 starting (headless)
2026-08-30T03:31:43Z iteration 26 exited rc=0 after 7s (transcript 1349770 -> 1356152)
2026-08-30T03:31:43Z 5 consecutive sub-minute turns, stopping to avoid a hot loop
2026-08-30T03:31:43Z headless session loop for rep13 finished after 26 iteration(s)
2026-08-30T04:02:27Z iteration 1 starting (headless)
2026-08-30T05:02:26Z iteration 1 starting (headless)
2026-08-30T06:02:26Z iteration 1 starting (headless)
2026-08-30T19:05:43Z iteration 1 starting (headless)
