PULL FINGERPRINT 2026-09-01T19:33:02Z / 2026-09-02 04:33:02 KST
rep01 8761f7ad3515348d44151949eb25162dc0b41562dce697b5466065bddf3d5617  LOG.md
rep01 23ebb3e8a999b37fab8f3bae414b57644d2b27caa14f16980f98b77e5b1cbcab  STATE.md
rep01 96103b24777a21af926f3dce70f24fd5ead439db01adc13105336c418e0a0d7c  REPORT.md
rep01 d575e9d39d7a85a2c20066e71446a55a4d7740090370218e61bf829508058dfd  JOBS.md
rep01 30792e9fedca1820a9c198ba17c0d52efb5e353c00015c0074a0dd09f1e794b0  ESCALATIONS.md
rep01 1dd7a78467c958a93edd7df0697741a91276b62a7529c6cca67fa3becc11ec8b  INBOX.md
rep01 12b4c6dea0453eee438eec3d0fe3a8a204634a2c5bde47ea230935964be965c9  WORKSPACE.json
rep01 ee9468a145c291db71eb29ad02e72aee2e6b1edda2fb79a7b9968f72bfec16fa  usage.json
rep02 cfaa14941466f507a5b36dc2f2a8628177cd9d6b9870bee8ef187cf8b1e4e5ae  LOG.md
rep02 00457feadd67d2fbc70ae48c9f6e926bc3bf98109980d95b73fb4afc16774876  STATE.md
rep02 8e994f58c41db7da0a13595f5d59b2428a72d4ab08a70bfa402c51037e914aec  REPORT.md
rep02 0ede1b2f8705ec7bbe05dfd9583717b2705297d10a8f55a39373c3a456a02ca3  JOBS.md
rep02 3b7316b229939c61198110797b91b86d70d17436bf4e77c4313235fafe3a8bb1  ESCALATIONS.md
rep02 416a1647db73bd90e4a640821ab9766b2c7d89f5aa9b30cb357752a33e72ccba  INBOX.md
rep02 195d05d2a74cd35079d4342f9ccba2a061e06183abe85e20b7c6b7b19fed8dd2  WORKSPACE.json
rep02 1b4f1d6ff825d19ae975a612ddfd1b2ab8741a351214912703d01bfe6fcb9196  usage.json
rep03 007cc7d0ee481e86db83826dccafb3cacf418b5ee82d1388d7ec6ef8c23f8673  LOG.md
rep03 82ca37e4f54fa3e9b29d5e406ec945a3efe2c6d5493c2c82c6934ffe94395099  STATE.md
rep03 2cd6d633074f780bd3eb1b6b35053040d204078b9a0aabd31f09924df00c9f2a  REPORT.md
rep03 f62fa5778e5fa412d1028573c8a481f3581fd44ac0da464d89bbdb5f0ccf12f3  JOBS.md
rep03 3b1189abbb94d770f1c1a0a1cdaf5cc8cbb1e4a4466d76db0fdf54694e8b20bd  ESCALATIONS.md
rep03 fde11a13658a4bc42ea244fdb031a1672f1dd5c6b475abfe26a920868ed466dc  INBOX.md
rep03 1cbeb9382d800cca23edac030285e499da101344129d9b6da6464bb58342773d  WORKSPACE.json
rep03 90200ca93840f9ed559b702a8f0d4f6d79de0261f1b397b7ccf950024f4a6989  usage.json
rep04 7916f54dc5309e9cdea4a15b299a68cb2362b45b46b7c0d619a5d13c043bde09  LOG.md
rep04 4aa7fc527e36148ceb88a9edf9fd76b567590892980418abfec864031532aeaf  STATE.md
rep04 92464ddf7059bdfe6f9b285709af281a808c76878b3092f74c9c1a256eca22ef  REPORT.md
rep04 dea3dde0cbaf5084e275e46a17e36f46aa45e0b00c7ce20feda2319b7464e356  JOBS.md
rep04 c7979010fa5d2c2da3816211634e8bed92bb41760e98ff516c714dc2a11edb12  ESCALATIONS.md
rep04 324cffe7e087822744c5bac161bc1b63512c5f83b8b2fff8b989bae8a440cf01  INBOX.md
rep04 36426611d35b29c89f0fe3bebc751ac0213195e3cf8405a982493796c9a18abf  WORKSPACE.json
rep04 21aa501458edd14a388259be885238f1047259a74ee123f32ec8d7b6806482fb  usage.json
rep05 f52e1bfecb198642cf40c975edec967e36c167e54b04031d9c195b436c92572e  LOG.md
rep05 b2156899cf51ea7cdae294dde7a3ae48c68afac9a72669968cf176d9c135d378  STATE.md
rep05 cd57c86ffa8c09b5be2507a50c7cfe757231ea8765550caacc817cc4cad6679d  REPORT.md
rep05 c911c96d1988d84fd43347f96b03fc21dcda6f91d42302813440a990a0ed3651  JOBS.md
rep05 c7e3a84c4c6f829d7d595004d3ec1e7d40d8fa7a556b42b961634978a1b3f008  ESCALATIONS.md
rep05 a82c11422d1730fabaeaf1d9b1fb4b6c6e54c593785a8fe3d68e297a0e68efb7  INBOX.md
rep05 40620bf083491399cf384879220f018950b84f7502576bc1cd0da43e738e2e1d  WORKSPACE.json
rep05 d8c2237f7073bedf8a77fecb07c36a12d626cea5db054478213e4f6b811f1902  usage.json
rep06 ca84a3928761ba05d9f5cef1a6771d94449f224ee555744630c9e20a2fb76296  LOG.md
rep06 61e71735e09a754d89d65c238ddf29eb9019004ea33f841b48e19ca722056465  STATE.md
rep06 baacd24b9804fb060aeda0285125fa50eba58d93f802dcef35be02e19330526d  REPORT.md
rep06 748acbd8bd748d10438c515f5c30cbfd754a156b55f324432da5f229209ffb91  JOBS.md
rep06 5f4e8a57063c5178bbd424c585de019fefb66219903ec38cbf560dbe98a06894  ESCALATIONS.md
rep06 6224fcbdfb42950f3e16d7d6d790f077484742f5cd26fee9e9b49d568ea4c457  INBOX.md
rep06 3e30f23abedbe141d8e1fdf20d7868353fe761c2f2a6bf5849ff3818eb6b236e  WORKSPACE.json
rep06 83ffe6322f212e9d7284dc7eec908343fa520d1375f11d42f0c9b06dfa04084b  usage.json
rep07 807bace0b3eb86d8d4fadc9bcc6876f502f650f981d9d9985673a9a06cbd6a9b  LOG.md
rep07 4e215e5cf584d2f029bfcc5b45f0a4c7496c4cc8c8d589d631b5738cf83f418e  STATE.md
rep07 d1232aee787adfb0344b4bf535a2528fc54082de69698284d2a72912e2624e38  REPORT.md
rep07 3181d48699d06d6491637600207b9ad446e8b055bbdbabbd51ed38bbc89fbad6  JOBS.md
rep07 0a08d0226f64abb361098d96769c06ccdfa5a919987902a6b8743980aaeeb0f2  ESCALATIONS.md
rep07 25d7668c19b0067ff86ec69422789f5e956f414756e4acd8d6a42ca90c71b1d2  INBOX.md
rep07 400c9d12e8807dd96570c56a004fc14adf7cfbdcf0d0c2574306dde17a7e7ff6  WORKSPACE.json
rep07 c066491103126d684df1d6b8ed718ba8630c3db6df1376c6fb91c401e36dfaef  usage.json
rep08 e733f361eb39c4dc841a5bc846d9c102ff0437038c856790a8d23670b7715c8a  LOG.md
rep08 4285946dabc0b205be00e89571f7a25e215282bc09649594d4df1ca3d7a23121  STATE.md
rep08 858d0dc5de823f15d39f34e8bec25aaf8ae9d536bab1a2b3aa753cc306d39c2b  REPORT.md
rep08 c2112d7231da9f096037e6bd8becaeb501fc3d99764df4af3749b94a70c0938f  JOBS.md
rep08 6a64b6d68fde2d53e366bfece19217fa920338ee3d64998cc647e0188c32a6cb  ESCALATIONS.md
rep08 f11478d407724af2ebefb34683bda3a12e84f6cc45b7b364df7f22652f4625af  INBOX.md
rep08 2a55aa8bbfca35de66576e9f668f9b271f035c8d3533b191d8db4e49301fd364  WORKSPACE.json
rep08 a48aac29e049313b418efe9e9576b2b09630238d2e4c66a008fec481b802bc93  usage.json
rep09 cd7154ccc8a73e43a63eb8da2886f1ab7b607a999ae2024305814da05fc1785e  LOG.md
rep09 b66263b896d3dbc378e021cd3868aa1d3b774ebb46762a6a92926b841c5cce5b  STATE.md
rep09 e32a058314105de2fc14d64531d948c6ab2a0591c748caeb1374cf338aef6389  REPORT.md
rep09 e5821ac766576837702ba8941e83ad691b1bae92e7c8817c1faba6a51add3e97  JOBS.md
rep09 a1f608d1b220adf09628d6fb8b5acf7bbcbcc8c176991489aee657dde7ff1420  ESCALATIONS.md
rep09 fae9179fb27c4f469f0135e1613ab34c7f7c67684f004d5c63dc6e549824e2ae  INBOX.md
rep09 0662dcb01799d5c2ea8831670f91c20f9e2a4d7b622288b8208450dbb6ea80d6  WORKSPACE.json
rep09 e11dfecab23a46ffb76333be0cc9552bf7517847446a72b577b108f13c815a42  usage.json
rep10 249094de277d46766a0daa9afadad6cc3aab6af42010a6c4fcbe202da8170fd6  LOG.md
rep10 59f8f4311baf9dbe900acac23eeda91356fe394e1e24d013ac7338523d4dc5d6  STATE.md
rep10 18c3ca6ca8548337e6a4bdeadc9921db1f612ad64fbb1e386e2734c328e918e7  REPORT.md
rep10 be0c2c0f51d342fe0011b169be4a18294b1084a9dc98b896b977be04ece298d0  JOBS.md
rep10 13a54220558e8363acbf8a91c4138515a5ac97f32c8ba660c6e1f780324fbd55  ESCALATIONS.md
rep10 d2a1b54729d1ac21ecf6c86afdd46fdad9cfae0cf156fb149597f6e8203c9780  INBOX.md
rep10 e32baba54c6ec70d193bb5b53d00681396e9156dbf684f3f52f03c3327793b7e  WORKSPACE.json
rep10 50d7d7b3066973229769eac1683d47933d42df55b63cb64cb8898b73837ef92b  usage.json
rep11 c297440629744f753841dc8daec3f9a8dbb3e574d0d30ac515fde02fe53aabfb  LOG.md
rep11 c6b0802f1af6f77aad7054c3d5332517e61e6bb777a4b0e9f6267e458840f59a  STATE.md
rep11 c6854f10e96afa794d4c43852c4169cbf4febd8345e0d4efc85523282f37e65c  REPORT.md
rep11 c4e9a999f3b0f77d437228c91fd73b2e7936a4ce6cc58a22c4408fa4a2ef7b46  JOBS.md
rep11 b8bc6b789d713fd184caab9dacebaf2e68686eb383774967f865fe2405915b74  ESCALATIONS.md
rep11 7e72bb1cb59e4e5d9d75b36cbb3f6e95464ed71237a7d3f6aabaa92350b639d7  INBOX.md
rep11 e06f5603313896f5f67b63c22de19150d3a1d914d3a393ab5600dc2c16007d59  WORKSPACE.json
rep11 2d43e710f5896ea966639726747036d5d8e990029fb98eb2045a3b5c401b17fc  usage.json
rep12 9f80f5da74da48077c25f15332ab050cc3c80db1f0a8ed6b99f13455322ead5e  LOG.md
rep12 d96fa206de26c252dc55ed43fe6e02a6582e27fcd44aa3208b4791717227e290  STATE.md
rep12 507e834ce442dc65b78f1c8d348cd427ba561f3eea688f39cf3ff35e677238a7  REPORT.md
rep12 1f2c292cd978c2509a6b35e406d6cb1f29b6badaa29116c90dfbaa800c0df337  JOBS.md
rep12 22f14d0f8fbbf7ceb2476e6ce1ed398f4e33828c3b1b3382e17ceeed500b1d88  ESCALATIONS.md
rep12 261decb5a4b9ebe35fd4590828e00f594e024f1e473e6d8880d12ebf6adfc371  INBOX.md
rep12 c2431ae5e57b815306105e3894dbf63eb1cd4b0436e02114f1147f360ddc7910  WORKSPACE.json
rep12 2eabc9dcfe140338fc5c501bf3020593e38ef3a6e89fe685ea5453695fa59959  usage.json
rep13 cf8c570c3f846cd4db87f8a3cc64e760523f2f047d7c24ec2f2e49a28254a76b  LOG.md
rep13 801c1c8d2dcb33ef777a193a4fec464936655e0a0cf19e0e9eb92148a44fa936  STATE.md
rep13 87eb972407f5114a94aad7ef941fceef892301ca5400456b5352d2fff7d73db5  REPORT.md
rep13 ac788931c9f40c9a9ea9998bc11c56aeb47057f0ab378a6b52626c114557e0f1  JOBS.md
rep13 a0ef6a3c9e455dcc6fc02535338dfc5639634866269379ebb98d9443c17fc379  ESCALATIONS.md
rep13 3beb59bf634d18ad59dfcfa0890a0be85ef39fa2a5f4d65c9972408f90c3954d  INBOX.md
rep13 574b6360403cdfdc62f6ec2ad936026880c3c008c7130bf5ad7d6f90adaf65a3  WORKSPACE.json
rep13 7a466acbd1d046c9341dd670e213e85c671a606b0e157795633eb88886f3568d  usage.json
rep15 6aac49caf30d22a75d514c04b2adc5c9a13ebbe5ee3bc09462919d01224cdb0f  LOG.md
rep15 4d43d86edabdeaeed5b9537f988b4cfd89d5d09ee1c3cceace417ca9fcb98738  STATE.md
rep15 0293024dea27576272b3eb884da2faf69cf55756508603e9fabe374d734efa25  REPORT.md
rep15 4f108dc3db0c468351ab4c9e023ad95973e39b87a3359c336f73f6c8978bfef4  JOBS.md
rep15 5aad1b1010964597050f5caf6f989bc1b7eb3ee4da3feea9a35098e266cd39aa  ESCALATIONS.md
rep15 fd3c53a13c8ab452db3279e151bce5fa23a9a809d4a69aefa6e1c288d01a8477  INBOX.md
rep15 6489ed8e80cea478573d8773eee2e9bd6e8ddc5034eb676446cf0e766de3840d  WORKSPACE.json
rep15 c3608a56774ac7a80a7abbf8dce616dc1f6a03fd14c946aaae4658600cf5d697  usage.json
rep16 9b233b3d6f925bcab3edcd5901789a69ad7cb63e0c28df903f26894c1190f727  LOG.md
rep16 4da8a8b8ef8e994cda29d257fa88a7abe6391734dab8712c72c4e88a9f6eef88  STATE.md
rep16 40a86a0be48455e500c0863d99c5aa2809115a060ad06586229378d3cda2dda9  REPORT.md
rep16 50c1cf6a7846f1062ee9939f18bb3aeacdb3e18c63dd9e2e6189b9733ed75a95  JOBS.md
rep16 072b0bb9c5f69066a9a87230d3a44965e2dfb80ec4a6a7a02c78aaac43ad71e2  ESCALATIONS.md
rep16 5118da1c371b0acf016140917f8ae60ae175b05cf82834228f2d1fb261163623  INBOX.md
rep16 2c9641b8011045a58aeb4ebe1d50852836dc53520111a1597433e2b8f6c683fb  WORKSPACE.json
rep16 9951f47501e7f583efb399e9010a952c564291e5b6f23a4d9947a99602224607  usage.json
rep17 6f25e24195736c50a95666e18862a2d81ce694430ced52714fb2cec7964e6f44  LOG.md
rep17 2ddcee5074b28518cb50b2d3f13b87de3f0f5305eb97e9daa09cda2d2c9cd3fb  STATE.md
rep17 61492553a7d4a54c370f2360290de8f112c3ce05902760d6d3fa543cdfaf40b1  REPORT.md
rep17 47d7d512ac907a966a939ee691a95173f6def0ddafe4b54bd982527b490e30d5  JOBS.md
rep17 78e70d1d5dcddd0bd53dd9d380c917074d563c7a0ec3df72abdecfc617062a75  ESCALATIONS.md
rep17 59e09b319229bd379c77b5c7c4ecc06ba894631f582f3408c3459c4e13b89083  INBOX.md
rep17 81cca7e41f8eb88c352696b5be6fafbc1132cc3283627e47e3d82176e9a0a46c  WORKSPACE.json
rep17 6efbea26b6a297a618d0b94107bc46154926b8b9d0f199fc0bc70cb9ab1d7ab9  usage.json
